
> frontend@0.0.0 test
> ng test --watch=false

❯ Building...
✔ Building...
Initial chunk files                                                                                 | Names                                                                                            |  Raw size
chunk-Z3ZPZHS2.js                                                                                   | -                                                                                                | 161.96 kB | 
styles.css                                                                                          | styles                                                                                           | 155.00 kB | 
spec-app-settings-components-settings-settings.js                                                   | spec-app-settings-components-settings-settings                                                   | 133.90 kB | 
spec-app-suppliers-purchase-orders-purchase-order-edit-purchase-order-edit.component.js             | spec-app-suppliers-purchase-orders-purchase-order-edit-purchase-order-edit.component             | 110.35 kB | 
chunk-WU5VZZQR.js                                                                                   | -                                                                                                | 106.40 kB | 
chunk-NNHAUFE2.js                                                                                   | -                                                                                                | 101.11 kB | 
spec-app-marketing-components-campaign-list-campaign-list.component.js                              | spec-app-marketing-components-campaign-list-campaign-list.component                              |  91.09 kB | 
chunk-KEYKAOHC.js                                                                                   | -                                                                                                |  71.66 kB | 
spec-app-suppliers-purchase-orders-purchase-order-list-purchase-order-list.component.js             | spec-app-suppliers-purchase-orders-purchase-order-list-purchase-order-list.component             |  67.05 kB | 
spec-app-marketing-components-campaign-wizard-campaign-wizard.component.js                          | spec-app-marketing-components-campaign-wizard-campaign-wizard.component                          |  63.69 kB | 
spec-app-marketing-components-connector-settings-connector-settings.component.js                    | spec-app-marketing-components-connector-settings-connector-settings.component                    |  60.74 kB | 
spec-app-marketplaces-pages-marketplace-list-marketplace-list.js                                    | spec-app-marketplaces-pages-marketplace-list-marketplace-list                                    |  42.84 kB | 
spec-app-users-components-user-form-user-form.js                                                    | spec-app-users-components-user-form-user-form                                                    |  42.31 kB | 
spec-app-suppliers-supplier-list-supplier-list.component.js                                         | spec-app-suppliers-supplier-list-supplier-list.component                                         |  40.20 kB | 
spec-app-users-components-audit-log-list-audit-log-list.js                                          | spec-app-users-components-audit-log-list-audit-log-list                                          |  38.84 kB | 
chunk-ADRCPJN5.js                                                                                   | -                                                                                                |  37.96 kB | 
spec-app-expenses-components-expense-dialog-expense-dialog.js                                       | spec-app-expenses-components-expense-dialog-expense-dialog                                       |  36.30 kB | 
chunk-QUJ3GOZE.js                                                                                   | -                                                                                                |  34.20 kB | 
chunk-HITQFE7J.js                                                                                   | -                                                                                                |  34.18 kB | 
spec-app-products-components-product-comparison-product-comparison.js                               | spec-app-products-components-product-comparison-product-comparison                               |  33.73 kB | 
chunk-ZEEZAOHR.js                                                                                   | -                                                                                                |  33.17 kB | 
spec-app-marketing-components-campaign-calendar-campaign-calendar.component.js                      | spec-app-marketing-components-campaign-calendar-campaign-calendar.component                      |  32.43 kB | 
chunk-OTZIQR5N.js                                                                                   | -                                                                                                |  32.19 kB | 
chunk-HXQKFLBR.js                                                                                   | -                                                                                                |  31.80 kB | 
spec-app-marketplaces-pages-marketplace-detail-marketplace-detail.js                                | spec-app-marketplaces-pages-marketplace-detail-marketplace-detail                                |  31.00 kB | 
spec-app-suppliers-supplier-detail-supplier-detail.component.js                                     | spec-app-suppliers-supplier-detail-supplier-detail.component                                     |  30.32 kB | 
chunk-JOWTJOXQ.js                                                                                   | -                                                                                                |  28.78 kB | 
spec-app-marketing-components-campaign-detail-campaign-detail.component.js                          | spec-app-marketing-components-campaign-detail-campaign-detail.component                          |  28.07 kB | 
spec-app-auth-components-login-login.js                                                             | spec-app-auth-components-login-login                                                             |  27.16 kB | 
chunk-DCVYJOSC.js                                                                                   | -                                                                                                |  26.80 kB | 
chunk-VP7TYNX4.js                                                                                   | -                                                                                                |  25.57 kB | 
chunk-MC5PM4P5.js                                                                                   | -                                                                                                |  25.50 kB | 
chunk-GPT7IDQJ.js                                                                                   | -                                                                                                |  25.11 kB | 
chunk-OIXBRY7U.js                                                                                   | -                                                                                                |  24.88 kB | 
chunk-X6XBNC2G.js                                                                                   | -                                                                                                |  23.79 kB | 
spec-app-auth-components-reset-password-reset-password.component.js                                 | spec-app-auth-components-reset-password-reset-password.component                                 |  23.66 kB | 
spec-app-dashboard-pages-dashboard-dashboard.component.js                                           | spec-app-dashboard-pages-dashboard-dashboard.component                                           |  23.23 kB | 
chunk-M7CJGOXQ.js                                                                                   | -                                                                                                |  23.19 kB | 
spec-app-products-components-enhanced-image-management-enhanced-image-management.js                 | spec-app-products-components-enhanced-image-management-enhanced-image-management                 |  23.14 kB | 
spec-app-products-components-product-list-product-list.js                                           | spec-app-products-components-product-list-product-list                                           |  23.02 kB | 
chunk-THQHSGSK.js                                                                                   | -                                                                                                |  20.80 kB | 
chunk-77VT2VSS.js                                                                                   | -                                                                                                |  19.97 kB | 
chunk-TCG7EWMO.js                                                                                   | -                                                                                                |  19.23 kB | 
chunk-OSEUOEXQ.js                                                                                   | -                                                                                                |  18.99 kB | 
spec-app-users-components-force-password-change-force-password-change.component.js                  | spec-app-users-components-force-password-change-force-password-change.component                  |  18.88 kB | 
spec-app-auth-components-forgot-password-forgot-password.component.js                               | spec-app-auth-components-forgot-password-forgot-password.component                               |  18.63 kB | 
chunk-WNSEQ7LX.js                                                                                   | -                                                                                                |  18.39 kB | 
chunk-HAGQFEML.js                                                                                   | -                                                                                                |  15.20 kB | 
spec-app-users-components-account-management-account-management.js                                  | spec-app-users-components-account-management-account-management                                  |  14.94 kB | 
chunk-L52D3TT2.js                                                                                   | -                                                                                                |  14.86 kB | 
chunk-W7NVY6G7.js                                                                                   | -                                                                                                |  14.48 kB | 
chunk-XPQ7IJB3.js                                                                                   | -                                                                                                |  14.37 kB | 
chunk-EJF754GH.js                                                                                   | -                                                                                                |  14.07 kB | 
spec-app-products-components-product-form-product-form-error-handling.js                            | spec-app-products-components-product-form-product-form-error-handling                            |  13.91 kB | 
spec-app-app.component.js                                                                           | spec-app-app.component                                                                           |  13.43 kB | 
chunk-R6ZQRTA7.js                                                                                   | -                                                                                                |  13.41 kB | 
chunk-TAWIXE7H.js                                                                                   | -                                                                                                |  12.52 kB | 
spec-app-settings-components-custom-field-list-custom-field-list.js                                 | spec-app-settings-components-custom-field-list-custom-field-list                                 |  12.01 kB | 
chunk-ITILPNFI.js                                                                                   | -                                                                                                |  11.40 kB | 
spec-app-products-components-product-form-product-form-create.js                                    | spec-app-products-components-product-form-product-form-create                                    |  10.73 kB | 
spec-app-products-product-ingestion-product-ingestion.js                                            | spec-app-products-product-ingestion-product-ingestion                                            |  10.24 kB | 
chunk-4IWTJ6WO.js                                                                                   | -                                                                                                |   9.98 kB | 
chunk-DZG6GE6E.js                                                                                   | -                                                                                                |   9.36 kB | 
spec-app-users-components-user-bulk-import-dialog-user-bulk-import-dialog.js                        | spec-app-users-components-user-bulk-import-dialog-user-bulk-import-dialog                        |   9.00 kB | 
spec-app-products-components-products-products.js                                                   | spec-app-products-components-products-products                                                   |   8.96 kB | 
spec-app-users-components-user-list-user-list.js                                                    | spec-app-users-components-user-list-user-list                                                    |   8.37 kB | 
spec-app-users-components-user-list-user-list-ux.js                                                 | spec-app-users-components-user-list-user-list-ux                                                 |   8.12 kB | 
spec-app-products-components-product-form-product-form-advanced-error-handling.js                   | spec-app-products-components-product-form-product-form-advanced-error-handling                   |   8.04 kB | 
spec-app-products-components-product-form-product-form-edit.js                                      | spec-app-products-components-product-form-product-form-edit                                      |   7.73 kB | 
chunk-XE6M6P2I.js                                                                                   | -                                                                                                |   7.68 kB | 
spec-app-products-services-product.js                                                               | spec-app-products-services-product                                                               |   7.65 kB | 
spec-app-users-components-user-create-modal-user-create-modal-ux.js                                 | spec-app-users-components-user-create-modal-user-create-modal-ux                                 |   7.55 kB | 
chunk-6CU5VAJP.js                                                                                   | -                                                                                                |   7.19 kB | 
spec-app-products-components-product-form-product-form-image.js                                     | spec-app-products-components-product-form-product-form-image                                     |   7.17 kB | 
spec-app-users-services-user.service.js                                                             | spec-app-users-services-user.service                                                             |   7.08 kB | 
spec-app-products-components-product-form-product-form-edge-cases.js                                | spec-app-products-components-product-form-product-form-edge-cases                                |   6.72 kB | 
chunk-MTE7AV2A.js                                                                                   | -                                                                                                |   6.02 kB | 
chunk-TDDHO7M7.js                                                                                   | -                                                                                                |   5.85 kB | 
spec-app-shared-components-image-dialog-image-dialog.js                                             | spec-app-shared-components-image-dialog-image-dialog                                             |   5.74 kB | 
chunk-LN3R4WPD.js                                                                                   | -                                                                                                |   5.65 kB | 
chunk-2Y7MZAOK.js                                                                                   | -                                                                                                |   5.27 kB | 
chunk-MWB34E5W.js                                                                                   | -                                                                                                |   5.25 kB | 
spec-app-products-components-product-form-product-form-image-gallery.component.js                   | spec-app-products-components-product-form-product-form-image-gallery.component                   |   5.18 kB | 
chunk-FVCY32IZ.js                                                                                   | -                                                                                                |   5.14 kB | 
chunk-73VDDOLD.js                                                                                   | -                                                                                                |   5.00 kB | 
spec-app-users-services-bulk-import.service.js                                                      | spec-app-users-services-bulk-import.service                                                      |   4.82 kB | 
chunk-KW5PPPAI.js                                                                                   | -                                                                                                |   4.81 kB | 
chunk-NXYRM5NR.js                                                                                   | -                                                                                                |   4.47 kB | 
chunk-HI7Z4XWC.js                                                                                   | -                                                                                                |   4.15 kB | 
spec-app-marketing-components-quick-post-detail-dialog-quick-post-detail-dialog.component.js        | spec-app-marketing-components-quick-post-detail-dialog-quick-post-detail-dialog.component        |   4.11 kB | 
spec-app-products-components-product-variants-product-variants.js                                   | spec-app-products-components-product-variants-product-variants                                   |   3.99 kB | 
spec-app-products-components-batch-action-toolbar-batch-action-toolbar.js                           | spec-app-products-components-batch-action-toolbar-batch-action-toolbar                           |   3.98 kB | 
spec-app-users-components-password-reset-dialog-password-reset-dialog.js                            | spec-app-users-components-password-reset-dialog-password-reset-dialog                            |   3.96 kB | 
spec-app-products-components-product-details-dialog-product-details-dialog.component.js             | spec-app-products-components-product-details-dialog-product-details-dialog.component             |   3.89 kB | 
spec-app-products-components-product-filters-product-filters.js                                     | spec-app-products-components-product-filters-product-filters                                     |   3.88 kB | 
spec-app-products-components-stock-history-dialog-stock-history-dialog.component.js                 | spec-app-products-components-stock-history-dialog-stock-history-dialog.component                 |   3.79 kB | 
chunk-QCSBRV2P.js                                                                                   | -                                                                                                |   3.66 kB | 
spec-app-suppliers-purchase-orders-quick-product-dialog-quick-product-dialog.component.js           | spec-app-suppliers-purchase-orders-quick-product-dialog-quick-product-dialog.component           |   3.65 kB | 
chunk-7T2ENOEB.js                                                                                   | -                                                                                                |   3.65 kB | 
spec-app-products-services-batch-operations.service.js                                              | spec-app-products-services-batch-operations.service                                              |   3.58 kB | 
spec-app-products-components-pagination-pagination.js                                               | spec-app-products-components-pagination-pagination                                               |   3.57 kB | 
spec-app-products-components-stock-adjustment-dialog-stock-adjustment-dialog.js                     | spec-app-products-components-stock-adjustment-dialog-stock-adjustment-dialog                     |   3.56 kB | 
spec-app-suppliers-purchase-orders-cost-allocation-dialog-cost-allocation-dialog.component.js       | spec-app-suppliers-purchase-orders-cost-allocation-dialog-cost-allocation-dialog.component       |   3.55 kB | 
spec-app-suppliers-purchase-orders-receiving-dialog-receiving-dialog.component.js                   | spec-app-suppliers-purchase-orders-receiving-dialog-receiving-dialog.component                   |   3.47 kB | 
chunk-DOB37P2C.js                                                                                   | -                                                                                                |   3.45 kB | 
chunk-GN5MU3EN.js                                                                                   | -                                                                                                |   3.42 kB | 
chunk-S3NIZ4U2.js                                                                                   | -                                                                                                |   3.35 kB | 
chunk-FKLXUE5Z.js                                                                                   | -                                                                                                |   3.22 kB | 
spec-app-marketing-components-quick-post-dialog-quick-post-dialog.component.js                      | spec-app-marketing-components-quick-post-dialog-quick-post-dialog.component                      |   3.10 kB | 
chunk-TULVJMRC.js                                                                                   | -                                                                                                |   3.01 kB | 
spec-app-products-pages-product-dashboard-product-dashboard.component.js                            | spec-app-products-pages-product-dashboard-product-dashboard.component                            |   2.82 kB | 
chunk-7HYHBWIQ.js                                                                                   | -                                                                                                |   2.82 kB | 
spec-app-products-services-product-comparison.service.js                                            | spec-app-products-services-product-comparison.service                                            |   2.79 kB | 
spec-app-dashboard-widgets-inventory-health-widget-inventory-health-widget.component.js             | spec-app-dashboard-widgets-inventory-health-widget-inventory-health-widget.component             |   2.63 kB | 
spec-app-settings-components-change-log-dialog-change-log-dialog.js                                 | spec-app-settings-components-change-log-dialog-change-log-dialog                                 |   2.58 kB | 
spec-app-dashboard-widgets-low-stock-list-low-stock-list.component.js                               | spec-app-dashboard-widgets-low-stock-list-low-stock-list.component                               |   2.56 kB | 
chunk-2KC6KMRB.js                                                                                   | -                                                                                                |   2.48 kB | 
chunk-LF6RV7CL.js                                                                                   | -                                                                                                |   2.31 kB | 
spec-app-suppliers-purchase-orders-supplier-selection-dialog-supplier-selection-dialog.component.js | spec-app-suppliers-purchase-orders-supplier-selection-dialog-supplier-selection-dialog.component |   2.28 kB | 
spec-app-suppliers-pages-supplier-dashboard-supplier-dashboard.component.js                         | spec-app-suppliers-pages-supplier-dashboard-supplier-dashboard.component                         |   2.26 kB | 
spec-app-shared-directives-infinite-scroll.directive.js                                             | spec-app-shared-directives-infinite-scroll.directive                                             |   2.25 kB | 
chunk-NKKYPARP.js                                                                                   | -                                                                                                |   2.23 kB | 
spec-app-suppliers-supplier-product-manager-supplier-product-manager.component.js                   | spec-app-suppliers-supplier-product-manager-supplier-product-manager.component                   |   2.19 kB | 
spec-app-shared-components-date-range-presets-date-range-presets.component.js                       | spec-app-shared-components-date-range-presets-date-range-presets.component                       |   2.18 kB | 
chunk-H5RVQ2HP.js                                                                                   | -                                                                                                |   2.17 kB | 
chunk-SFJ6U3II.js                                                                                   | -                                                                                                |   2.16 kB | 
spec-app-users-users.js                                                                             | spec-app-users-users                                                                             |   2.02 kB | 
spec-app-dashboard-widgets-stat-card-stat-card.component.js                                         | spec-app-dashboard-widgets-stat-card-stat-card.component                                         |   1.96 kB | 
spec-app-core-components-sidenav-sidenav.js                                                         | spec-app-core-components-sidenav-sidenav                                                         |   1.58 kB | 
chunk-GESPVYGS.js                                                                                   | -                                                                                                |   1.56 kB | 
spec-app-shared-components-status-filter-status-filter.component.js                                 | spec-app-shared-components-status-filter-status-filter.component                                 |   1.48 kB | 
spec-app-settings-components-custom-field-dialog-custom-field-dialog.js                             | spec-app-settings-components-custom-field-dialog-custom-field-dialog                             |   1.43 kB | 
chunk-GEWRVAOP.js                                                                                   | -                                                                                                |   1.38 kB | 
chunk-TRPV7GQW.js                                                                                   | -                                                                                                |   1.33 kB | 
init-testbed.js                                                                                     | init-testbed                                                                                     |   1.25 kB | 
spec-app-shared-components-marketplace-status-marketplace-status.component.js                       | spec-app-shared-components-marketplace-status-marketplace-status.component                       |   1.20 kB | 
spec-app-core-components-header-header.js                                                           | spec-app-core-components-header-header                                                           |   1.09 kB | 
spec-app-auth-guards-auth-guard.js                                                                  | spec-app-auth-guards-auth-guard                                                                  |   1.00 kB | 
spec-app-shared-components-ai-search-bar-ai-search-bar.js                                           | spec-app-shared-components-ai-search-bar-ai-search-bar                                           | 964 bytes | 
spec-app-auth-interceptors-auth-interceptor.js                                                      | spec-app-auth-interceptors-auth-interceptor                                                      | 905 bytes | 
spec-app-suppliers-suppliers.service.js                                                             | spec-app-suppliers-suppliers.service                                                             | 732 bytes | 
chunk-VH236B3L.js                                                                                   | -                                                                                                | 703 bytes | 
spec-app-core-services-auth.service.js                                                              | spec-app-core-services-auth.service                                                              | 672 bytes | 
spec-app-marketplaces-marketplaces.js                                                               | spec-app-marketplaces-marketplaces                                                               | 616 bytes | 
spec-app-core-services-hardware.service.js                                                          | spec-app-core-services-hardware.service                                                          | 582 bytes | 
spec-app-shared-pipes-safe-url-pipe.js                                                              | spec-app-shared-pipes-safe-url-pipe                                                              | 550 bytes | 
chunk-2Y7KLMLV.js                                                                                   | -                                                                                                | 345 bytes | 
polyfills.js                                                                                        | polyfills                                                                                        | 121 bytes | 

                                                                                                    | Initial total                                                                                    |   2.65 MB

Lazy chunk files                                                                                    | Names                                                                                            |  Raw size
chunk-I5DOIX6V.js                                                                                   | pending-sync-dialog                                                                              |  40.25 kB | 
chunk-FY4D4Q5X.js                                                                                   | change-log-dialog                                                                                | 362 bytes | 

Application bundle generation complete. [10.913 seconds] - 2026-01-03T02:54:30.339Z

[33m▲ [43;33m[[43;30mWARNING[43;33m][0m [1mNG8113: InfiniteScrollDirective is not used within the template of ProductList[0m [1m[35m[plugin angular-compiler][0m

    src/app/products/components/product-list/product-list.ts:48:4:
[37m      48 │     [32mInfiniteScrollDirective[37m
         ╵     [32m~~~~~~~~~~~~~~~~~~~~~~~[0m


[33m▲ [43;33m[[43;30mWARNING[43;33m][0m [1mNG8113: EmptyStateComponent is not used within the template of IntegrationsTabComponent[0m [1m[35m[plugin angular-compiler][0m

    src/app/settings/components/tabs/integrations-tab.component.ts:16:93:
[37m      16 │ ...ormsModule, TranslocoModule, MaterialModule, [32mEmptyStateComponent[37m],
         ╵                                                 [32m~~~~~~~~~~~~~~~~~~~[0m



[1m[46m RUN [49m[22m [36mv4.0.15 [39m[90m/home/nickvander/fulcrum/frontend[39m

 [31m❯[39m [30m[43m frontend [49m[39m src/app/users/components/password-reset-dialog/password-reset-dialog.spec.ts [2m([22m[2m4 tests[22m[2m | [22m[31m4 failed[39m[2m)[22m[32m 140[2mms[22m[39m
[31m     [31m×[31m should create[39m[32m 61[2mms[22m[39m
[31m     [31m×[31m should initialize empty form for admin[39m[32m 26[2mms[22m[39m
[31m     [31m×[31m should call adminResetPassword on submit[39m[32m 20[2mms[22m[39m
[31m     [31m×[31m should close dialog on cancel[39m[32m 23[2mms[22m[39m
[90mstderr[2m | src/app/users/components/user-form/user-form.spec.ts[2m > [22m[2mUserForm[2m > [22m[2mCreate Mode[2m > [22m[2mshould create
[22m[39mɵNotFound: NG0201: No provider found for `InjectionToken TRANSLOCO_TRANSPILER`. Source: Standalone[_UserForm]. Path: TranslocoService -> InjectionToken TRANSLOCO_TRANSPILER. Find more at https://v21.angular.dev/errors/NG0201
    at createRuntimeError [90m(file:///home/nickvander/fulcrum/frontend/[39mnode_modules/[4m@angular/core[24m/fesm2022/_untracked-chunk.mjs:555:17[90m)[39m
    at NullInjector.get [90m(file:///home/nickvander/fulcrum/frontend/[39mnode_modules/[4m@angular/core[24m/fesm2022/_untracked-chunk.mjs:836:21[90m)[39m
    at R3Injector.get [90m(file:///home/nickvander/fulcrum/frontend/[39mnode_modules/[4m@angular/core[24m/fesm2022/_untracked-chunk.mjs:1192:27[90m)[39m
    at R3Injector.get [90m(file:///home/nickvander/fulcrum/frontend/[39mnode_modules/[4m@angular/core[24m/fesm2022/_untracked-chunk.mjs:1192:27[90m)[39m
    at R3Injector.retrieve [90m(file:///home/nickvander/fulcrum/frontend/[39mnode_modules/[4m@angular/core[24m/fesm2022/_untracked-chunk.mjs:1102:19[90m)[39m
    at injectInjectorOnly [90m(file:///home/nickvander/fulcrum/frontend/[39mnode_modules/[4m@angular/core[24m/fesm2022/_untracked-chunk.mjs:625:35[90m)[39m
    at ɵɵinject [90m(file:///home/nickvander/fulcrum/frontend/[39mnode_modules/[4m@angular/core[24m/fesm2022/_untracked-chunk.mjs:637:59[90m)[39m
    at Object.TranslocoService_Factory [as factory] (ng:///TranslocoService/ɵfac.js:6:10)
    at [90mfile:///home/nickvander/fulcrum/frontend/[39mnode_modules/[4m@angular/core[24m/fesm2022/_untracked-chunk.mjs:1297:35
    at runInInjectorProfilerContext [90m(file:///home/nickvander/fulcrum/frontend/[39mnode_modules/[4m@angular/core[24m/fesm2022/_untracked-chunk.mjs:437:5[90m)[39m {
  code: [33m-201[39m,
  ngErrorCode: [33m-201[39m,
  ngErrorMessage: [32m'No provider found for `InjectionToken TRANSLOCO_TRANSPILER`.'[39m,
  ngTokenPath: [ [32m'TranslocoService'[39m, [32m'InjectionToken TRANSLOCO_TRANSPILER'[39m ]
}

[90mstderr[2m | src/app/users/components/user-form/user-form.spec.ts[2m > [22m[2mUserForm[2m > [22m[2mCreate Mode[2m > [22m[2mshould initialize form with correct validators for new user
[22m[39mɵNotFound: NG0201: No provider found for `InjectionToken TRANSLOCO_TRANSPILER`. Source: Standalone[_UserForm]. Path: TranslocoService -> InjectionToken TRANSLOCO_TRANSPILER. Find more at https://v21.angular.dev/errors/NG0201
    at createRuntimeError [90m(file:///home/nickvander/fulcrum/frontend/[39mnode_modules/[4m@angular/core[24m/fesm2022/_untracked-chunk.mjs:555:17[90m)[39m
    at NullInjector.get [90m(file:///home/nickvander/fulcrum/frontend/[39mnode_modules/[4m@angular/core[24m/fesm2022/_untracked-chunk.mjs:836:21[90m)[39m
    at R3Injector.get [90m(file:///home/nickvander/fulcrum/frontend/[39mnode_modules/[4m@angular/core[24m/fesm2022/_untracked-chunk.mjs:1192:27[90m)[39m
    at R3Injector.get [90m(file:///home/nickvander/fulcrum/frontend/[39mnode_modules/[4m@angular/core[24m/fesm2022/_untracked-chunk.mjs:1192:27[90m)[39m
    at R3Injector.retrieve [90m(file:///home/nickvander/fulcrum/frontend/[39mnode_modules/[4m@angular/core[24m/fesm2022/_untracked-chunk.mjs:1102:19[90m)[39m
    at injectInjectorOnly [90m(file:///home/nickvander/fulcrum/frontend/[39mnode_modules/[4m@angular/core[24m/fesm2022/_untracked-chunk.mjs:625:35[90m)[39m
    at ɵɵinject [90m(file:///home/nickvander/fulcrum/frontend/[39mnode_modules/[4m@angular/core[24m/fesm2022/_untracked-chunk.mjs:637:59[90m)[39m
    at Object.TranslocoService_Factory [as factory] (ng:///TranslocoService/ɵfac.js:6:10)
    at [90mfile:///home/nickvander/fulcrum/frontend/[39mnode_modules/[4m@angular/core[24m/fesm2022/_untracked-chunk.mjs:1297:35
    at runInInjectorProfilerContext [90m(file:///home/nickvander/fulcrum/frontend/[39mnode_modules/[4m@angular/core[24m/fesm2022/_untracked-chunk.mjs:437:5[90m)[39m {
  code: [33m-201[39m,
  ngErrorCode: [33m-201[39m,
  ngErrorMessage: [32m'No provider found for `InjectionToken TRANSLOCO_TRANSPILER`.'[39m,
  ngTokenPath: [ [32m'TranslocoService'[39m, [32m'InjectionToken TRANSLOCO_TRANSPILER'[39m ]
}

[90mstderr[2m | src/app/users/components/user-form/user-form.spec.ts[2m > [22m[2mUserForm[2m > [22m[2mCreate Mode[2m > [22m[2mshould validate password strength correctly
[22m[39mɵNotFound: NG0201: No provider found for `InjectionToken TRANSLOCO_TRANSPILER`. Source: Standalone[_UserForm]. Path: TranslocoService -> InjectionToken TRANSLOCO_TRANSPILER. Find more at https://v21.angular.dev/errors/NG0201
    at createRuntimeError [90m(file:///home/nickvander/fulcrum/frontend/[39mnode_modules/[4m@angular/core[24m/fesm2022/_untracked-chunk.mjs:555:17[90m)[39m
    at NullInjector.get [90m(file:///home/nickvander/fulcrum/frontend/[39mnode_modules/[4m@angular/core[24m/fesm2022/_untracked-chunk.mjs:836:21[90m)[39m
    at R3Injector.get [90m(file:///home/nickvander/fulcrum/frontend/[39mnode_modules/[4m@angular/core[24m/fesm2022/_untracked-chunk.mjs:1192:27[90m)[39m
    at R3Injector.get [90m(file:///home/nickvander/fulcrum/frontend/[39mnode_modules/[4m@angular/core[24m/fesm2022/_untracked-chunk.mjs:1192:27[90m)[39m
    at R3Injector.retrieve [90m(file:///home/nickvander/fulcrum/frontend/[39mnode_modules/[4m@angular/core[24m/fesm2022/_untracked-chunk.mjs:1102:19[90m)[39m
    at injectInjectorOnly [90m(file:///home/nickvander/fulcrum/frontend/[39mnode_modules/[4m@angular/core[24m/fesm2022/_untracked-chunk.mjs:625:35[90m)[39m
    at ɵɵinject [90m(file:///home/nickvander/fulcrum/frontend/[39mnode_modules/[4m@angular/core[24m/fesm2022/_untracked-chunk.mjs:637:59[90m)[39m
    at Object.TranslocoService_Factory [as factory] (ng:///TranslocoService/ɵfac.js:6:10)
    at [90mfile:///home/nickvander/fulcrum/frontend/[39mnode_modules/[4m@angular/core[24m/fesm2022/_untracked-chunk.mjs:1297:35
    at runInInjectorProfilerContext [90m(file:///home/nickvander/fulcrum/frontend/[39mnode_modules/[4m@angular/core[24m/fesm2022/_untracked-chunk.mjs:437:5[90m)[39m {
  code: [33m-201[39m,
  ngErrorCode: [33m-201[39m,
  ngErrorMessage: [32m'No provider found for `InjectionToken TRANSLOCO_TRANSPILER`.'[39m,
  ngTokenPath: [ [32m'TranslocoService'[39m, [32m'InjectionToken TRANSLOCO_TRANSPILER'[39m ]
}

[90mstderr[2m | src/app/users/components/user-form/user-form.spec.ts[2m > [22m[2mUserForm[2m > [22m[2mCreate Mode[2m > [22m[2mshould return correct password strength class
[22m[39mɵNotFound: NG0201: No provider found for `InjectionToken TRANSLOCO_TRANSPILER`. Source: Standalone[_UserForm]. Path: TranslocoService -> InjectionToken TRANSLOCO_TRANSPILER. Find more at https://v21.angular.dev/errors/NG0201
    at createRuntimeError [90m(file:///home/nickvander/fulcrum/frontend/[39mnode_modules/[4m@angular/core[24m/fesm2022/_untracked-chunk.mjs:555:17[90m)[39m
    at NullInjector.get [90m(file:///home/nickvander/fulcrum/frontend/[39mnode_modules/[4m@angular/core[24m/fesm2022/_untracked-chunk.mjs:836:21[90m)[39m
    at R3Injector.get [90m(file:///home/nickvander/fulcrum/frontend/[39mnode_modules/[4m@angular/core[24m/fesm2022/_untracked-chunk.mjs:1192:27[90m)[39m
    at R3Injector.get [90m(file:///home/nickvander/fulcrum/frontend/[39mnode_modules/[4m@angular/core[24m/fesm2022/_untracked-chunk.mjs:1192:27[90m)[39m
    at R3Injector.retrieve [90m(file:///home/nickvander/fulcrum/frontend/[39mnode_modules/[4m@angular/core[24m/fesm2022/_untracked-chunk.mjs:1102:19[90m)[39m
    at injectInjectorOnly [90m(file:///home/nickvander/fulcrum/frontend/[39mnode_modules/[4m@angular/core[24m/fesm2022/_untracked-chunk.mjs:625:35[90m)[39m
    at ɵɵinject [90m(file:///home/nickvander/fulcrum/frontend/[39mnode_modules/[4m@angular/core[24m/fesm2022/_untracked-chunk.mjs:637:59[90m)[39m
    at Object.TranslocoService_Factory [as factory] (ng:///TranslocoService/ɵfac.js:6:10)
    at [90mfile:///home/nickvander/fulcrum/frontend/[39mnode_modules/[4m@angular/core[24m/fesm2022/_untracked-chunk.mjs:1297:35
    at runInInjectorProfilerContext [90m(file:///home/nickvander/fulcrum/frontend/[39mnode_modules/[4m@angular/core[24m/fesm2022/_untracked-chunk.mjs:437:5[90m)[39m {
  code: [33m-201[39m,
  ngErrorCode: [33m-201[39m,
  ngErrorMessage: [32m'No provider found for `InjectionToken TRANSLOCO_TRANSPILER`.'[39m,
  ngTokenPath: [ [32m'TranslocoService'[39m, [32m'InjectionToken TRANSLOCO_TRANSPILER'[39m ]
}

[90mstderr[2m | src/app/users/components/user-form/user-form.spec.ts[2m > [22m[2mUserForm[2m > [22m[2mCreate Mode[2m > [22m[2mshould return correct password strength label
[22m[39mɵNotFound: NG0201: No provider found for `InjectionToken TRANSLOCO_TRANSPILER`. Source: Standalone[_UserForm]. Path: TranslocoService -> InjectionToken TRANSLOCO_TRANSPILER. Find more at https://v21.angular.dev/errors/NG0201
    at createRuntimeError [90m(file:///home/nickvander/fulcrum/frontend/[39mnode_modules/[4m@angular/core[24m/fesm2022/_untracked-chunk.mjs:555:17[90m)[39m
    at NullInjector.get [90m(file:///home/nickvander/fulcrum/frontend/[39mnode_modules/[4m@angular/core[24m/fesm2022/_untracked-chunk.mjs:836:21[90m)[39m
    at R3Injector.get [90m(file:///home/nickvander/fulcrum/frontend/[39mnode_modules/[4m@angular/core[24m/fesm2022/_untracked-chunk.mjs:1192:27[90m)[39m
    at R3Injector.get [90m(file:///home/nickvander/fulcrum/frontend/[39mnode_modules/[4m@angular/core[24m/fesm2022/_untracked-chunk.mjs:1192:27[90m)[39m
    at R3Injector.retrieve [90m(file:///home/nickvander/fulcrum/frontend/[39mnode_modules/[4m@angular/core[24m/fesm2022/_untracked-chunk.mjs:1102:19[90m)[39m
    at injectInjectorOnly [90m(file:///home/nickvander/fulcrum/frontend/[39mnode_modules/[4m@angular/core[24m/fesm2022/_untracked-chunk.mjs:625:35[90m)[39m
    at ɵɵinject [90m(file:///home/nickvander/fulcrum/frontend/[39mnode_modules/[4m@angular/core[24m/fesm2022/_untracked-chunk.mjs:637:59[90m)[39m
    at Object.TranslocoService_Factory [as factory] (ng:///TranslocoService/ɵfac.js:6:10)
    at [90mfile:///home/nickvander/fulcrum/frontend/[39mnode_modules/[4m@angular/core[24m/fesm2022/_untracked-chunk.mjs:1297:35
    at runInInjectorProfilerContext [90m(file:///home/nickvander/fulcrum/frontend/[39mnode_modules/[4m@angular/core[24m/fesm2022/_untracked-chunk.mjs:437:5[90m)[39m {
  code: [33m-201[39m,
  ngErrorCode: [33m-201[39m,
  ngErrorMessage: [32m'No provider found for `InjectionToken TRANSLOCO_TRANSPILER`.'[39m,
  ngTokenPath: [ [32m'TranslocoService'[39m, [32m'InjectionToken TRANSLOCO_TRANSPILER'[39m ]
}

[90mstderr[2m | src/app/users/components/user-form/user-form.spec.ts[2m > [22m[2mUserForm[2m > [22m[2mCreate Mode[2m > [22m[2mshould submit form for new user
[22m[39mɵNotFound: NG0201: No provider found for `InjectionToken TRANSLOCO_TRANSPILER`. Source: Standalone[_UserForm]. Path: TranslocoService -> InjectionToken TRANSLOCO_TRANSPILER. Find more at https://v21.angular.dev/errors/NG0201
    at createRuntimeError [90m(file:///home/nickvander/fulcrum/frontend/[39mnode_modules/[4m@angular/core[24m/fesm2022/_untracked-chunk.mjs:555:17[90m)[39m
    at NullInjector.get [90m(file:///home/nickvander/fulcrum/frontend/[39mnode_modules/[4m@angular/core[24m/fesm2022/_untracked-chunk.mjs:836:21[90m)[39m
    at R3Injector.get [90m(file:///home/nickvander/fulcrum/frontend/[39mnode_modules/[4m@angular/core[24m/fesm2022/_untracked-chunk.mjs:1192:27[90m)[39m
    at R3Injector.get [90m(file:///home/nickvander/fulcrum/frontend/[39mnode_modules/[4m@angular/core[24m/fesm2022/_untracked-chunk.mjs:1192:27[90m)[39m
    at R3Injector.retrieve [90m(file:///home/nickvander/fulcrum/frontend/[39mnode_modules/[4m@angular/core[24m/fesm2022/_untracked-chunk.mjs:1102:19[90m)[39m
    at injectInjectorOnly [90m(file:///home/nickvander/fulcrum/frontend/[39mnode_modules/[4m@angular/core[24m/fesm2022/_untracked-chunk.mjs:625:35[90m)[39m
    at ɵɵinject [90m(file:///home/nickvander/fulcrum/frontend/[39mnode_modules/[4m@angular/core[24m/fesm2022/_untracked-chunk.mjs:637:59[90m)[39m
    at Object.TranslocoService_Factory [as factory] (ng:///TranslocoService/ɵfac.js:6:10)
    at [90mfile:///home/nickvander/fulcrum/frontend/[39mnode_modules/[4m@angular/core[24m/fesm2022/_untracked-chunk.mjs:1297:35
    at runInInjectorProfilerContext [90m(file:///home/nickvander/fulcrum/frontend/[39mnode_modules/[4m@angular/core[24m/fesm2022/_untracked-chunk.mjs:437:5[90m)[39m {
  code: [33m-201[39m,
  ngErrorCode: [33m-201[39m,
  ngErrorMessage: [32m'No provider found for `InjectionToken TRANSLOCO_TRANSPILER`.'[39m,
  ngTokenPath: [ [32m'TranslocoService'[39m, [32m'InjectionToken TRANSLOCO_TRANSPILER'[39m ]
}

[90mstderr[2m | src/app/users/components/user-form/user-form.spec.ts[2m > [22m[2mUserForm[2m > [22m[2mCreate Mode[2m > [22m[2mshould handle form submission error
[22m[39mɵNotFound: NG0201: No provider found for `InjectionToken TRANSLOCO_TRANSPILER`. Source: Standalone[_UserForm]. Path: TranslocoService -> InjectionToken TRANSLOCO_TRANSPILER. Find more at https://v21.angular.dev/errors/NG0201
    at createRuntimeError [90m(file:///home/nickvander/fulcrum/frontend/[39mnode_modules/[4m@angular/core[24m/fesm2022/_untracked-chunk.mjs:555:17[90m)[39m
    at NullInjector.get [90m(file:///home/nickvander/fulcrum/frontend/[39mnode_modules/[4m@angular/core[24m/fesm2022/_untracked-chunk.mjs:836:21[90m)[39m
    at R3Injector.get [90m(file:///home/nickvander/fulcrum/frontend/[39mnode_modules/[4m@angular/core[24m/fesm2022/_untracked-chunk.mjs:1192:27[90m)[39m
    at R3Injector.get [90m(file:///home/nickvander/fulcrum/frontend/[39mnode_modules/[4m@angular/core[24m/fesm2022/_untracked-chunk.mjs:1192:27[90m)[39m
    at R3Injector.retrieve [90m(file:///home/nickvander/fulcrum/frontend/[39mnode_modules/[4m@angular/core[24m/fesm2022/_untracked-chunk.mjs:1102:19[90m)[39m
    at injectInjectorOnly [90m(file:///home/nickvander/fulcrum/frontend/[39mnode_modules/[4m@angular/core[24m/fesm2022/_untracked-chunk.mjs:625:35[90m)[39m
    at ɵɵinject [90m(file:///home/nickvander/fulcrum/frontend/[39mnode_modules/[4m@angular/core[24m/fesm2022/_untracked-chunk.mjs:637:59[90m)[39m
    at Object.TranslocoService_Factory [as factory] (ng:///TranslocoService/ɵfac.js:6:10)
    at [90mfile:///home/nickvander/fulcrum/frontend/[39mnode_modules/[4m@angular/core[24m/fesm2022/_untracked-chunk.mjs:1297:35
    at runInInjectorProfilerContext [90m(file:///home/nickvander/fulcrum/frontend/[39mnode_modules/[4m@angular/core[24m/fesm2022/_untracked-chunk.mjs:437:5[90m)[39m {
  code: [33m-201[39m,
  ngErrorCode: [33m-201[39m,
  ngErrorMessage: [32m'No provider found for `InjectionToken TRANSLOCO_TRANSPILER`.'[39m,
  ngTokenPath: [ [32m'TranslocoService'[39m, [32m'InjectionToken TRANSLOCO_TRANSPILER'[39m ]
}

[90mstderr[2m | src/app/users/components/user-form/user-form.spec.ts[2m > [22m[2mUserForm[2m > [22m[2mEdit Mode[2m > [22m[2mshould load user data when in edit mode
[22m[39mɵNotFound: NG0201: No provider found for `InjectionToken TRANSLOCO_TRANSPILER`. Source: Standalone[_UserForm]. Path: TranslocoService -> InjectionToken TRANSLOCO_TRANSPILER. Find more at https://v21.angular.dev/errors/NG0201
    at createRuntimeError [90m(file:///home/nickvander/fulcrum/frontend/[39mnode_modules/[4m@angular/core[24m/fesm2022/_untracked-chunk.mjs:555:17[90m)[39m
    at NullInjector.get [90m(file:///home/nickvander/fulcrum/frontend/[39mnode_modules/[4m@angular/core[24m/fesm2022/_untracked-chunk.mjs:836:21[90m)[39m
    at R3Injector.get [90m(file:///home/nickvander/fulcrum/frontend/[39mnode_modules/[4m@angular/core[24m/fesm2022/_untracked-chunk.mjs:1192:27[90m)[39m
    at R3Injector.get [90m(file:///home/nickvander/fulcrum/frontend/[39mnode_modules/[4m@angular/core[24m/fesm2022/_untracked-chunk.mjs:1192:27[90m)[39m
    at R3Injector.retrieve [90m(file:///home/nickvander/fulcrum/frontend/[39mnode_modules/[4m@angular/core[24m/fesm2022/_untracked-chunk.mjs:1102:19[90m)[39m
    at injectInjectorOnly [90m(file:///home/nickvander/fulcrum/frontend/[39mnode_modules/[4m@angular/core[24m/fesm2022/_untracked-chunk.mjs:625:35[90m)[39m
    at ɵɵinject [90m(file:///home/nickvander/fulcrum/frontend/[39mnode_modules/[4m@angular/core[24m/fesm2022/_untracked-chunk.mjs:637:59[90m)[39m
    at Object.TranslocoService_Factory [as factory] (ng:///TranslocoService/ɵfac.js:6:10)
    at [90mfile:///home/nickvander/fulcrum/frontend/[39mnode_modules/[4m@angular/core[24m/fesm2022/_untracked-chunk.mjs:1297:35
    at runInInjectorProfilerContext [90m(file:///home/nickvander/fulcrum/frontend/[39mnode_modules/[4m@angular/core[24m/fesm2022/_untracked-chunk.mjs:437:5[90m)[39m {
  code: [33m-201[39m,
  ngErrorCode: [33m-201[39m,
  ngErrorMessage: [32m'No provider found for `InjectionToken TRANSLOCO_TRANSPILER`.'[39m,
  ngTokenPath: [ [32m'TranslocoService'[39m, [32m'InjectionToken TRANSLOCO_TRANSPILER'[39m ]
}

 [31m❯[39m [30m[43m frontend [49m[39m src/app/users/components/user-form/user-form.spec.ts [2m([22m[2m8 tests[22m[2m | [22m[31m8 failed[39m[2m)[22m[32m 59[2mms[22m[39m
[31m       [31m×[31m should create[39m[32m 11[2mms[22m[39m
[31m       [31m×[31m should initialize form with correct validators for new user[39m[32m 7[2mms[22m[39m
[31m       [31m×[31m should validate password strength correctly[39m[32m 7[2mms[22m[39m
[31m       [31m×[31m should return correct password strength class[39m[32m 5[2mms[22m[39m
[31m       [31m×[31m should return correct password strength label[39m[32m 8[2mms[22m[39m
[31m       [31m×[31m should submit form for new user[39m[32m 7[2mms[22m[39m
[31m       [31m×[31m should handle form submission error[39m[32m 5[2mms[22m[39m
[31m       [31m×[31m should load user data when in edit mode[39m[32m 8[2mms[22m[39m
 [31m❯[39m [30m[43m frontend [49m[39m src/app/products/components/product-details-dialog/product-details-dialog.component.spec.ts [2m([22m[2m5 tests[22m[2m | [22m[31m5 failed[39m[2m)[22m[32m 39[2mms[22m[39m
[31m     [31m×[31m should create[39m[32m 13[2mms[22m[39m
[31m     [31m×[31m should initialize with product data[39m[32m 6[2mms[22m[39m
[31m     [31m×[31m should load history on init[39m[32m 10[2mms[22m[39m
[31m     [31m×[31m should switch to edit mode[39m[32m 5[2mms[22m[39m
[31m     [31m×[31m should navigate to PO and close dialog[39m[32m 5[2mms[22m[39m
 [31m❯[39m [30m[43m frontend [49m[39m src/app/suppliers/purchase-orders/quick-product-dialog/quick-product-dialog.component.spec.ts [2m([22m[2m3 tests[22m[2m | [22m[31m3 failed[39m[2m)[22m[32m 20[2mms[22m[39m
[31m     [31m×[31m should create[39m[32m 8[2mms[22m[39m
[31m     [31m×[31m should initialize form with data[39m[32m 7[2mms[22m[39m
[31m     [31m×[31m should call createProduct on submit[39m[32m 5[2mms[22m[39m
 [31m❯[39m [30m[43m frontend [49m[39m src/app/marketing/components/connector-settings/connector-settings.component.spec.ts [2m([22m[2m4 tests[22m[2m | [22m[31m4 failed[39m[2m)[22m[32m 40[2mms[22m[39m
[31m     [31m×[31m should create[39m[32m 8[2mms[22m[39m
[31m     [31m×[31m should load connectors on init[39m[32m 13[2mms[22m[39m
[31m     [31m×[31m should open email setup[39m[32m 7[2mms[22m[39m
[31m     [31m×[31m should open social setup[39m[32m 12[2mms[22m[39m
 [31m❯[39m [30m[43m frontend [49m[39m src/app/products/product-ingestion/product-ingestion.spec.ts [2m([22m[2m1 test[22m[2m | [22m[31m1 failed[39m[2m)[22m[32m 15[2mms[22m[39m
[31m     [31m×[31m should create[39m[32m 15[2mms[22m[39m
 [31m❯[39m [30m[43m frontend [49m[39m src/app/marketplaces/pages/marketplace-detail/marketplace-detail.spec.ts [2m([22m[2m1 test[22m[2m | [22m[31m1 failed[39m[2m)[22m[32m 5[2mms[22m[39m
[31m     [31m×[31m should create[39m[32m 5[2mms[22m[39m
 [31m❯[39m [30m[43m frontend [49m[39m src/app/suppliers/pages/supplier-dashboard/supplier-dashboard.component.spec.ts [2m([22m[2m1 test[22m[2m | [22m[31m1 failed[39m[2m)[22m[32m 9[2mms[22m[39m
[31m     [31m×[31m should create[39m[32m 9[2mms[22m[39m
 [31m❯[39m [30m[43m frontend [49m[39m src/app/marketplaces/pages/marketplace-list/marketplace-list.spec.ts [2m([22m[2m1 test[22m[2m | [22m[31m1 failed[39m[2m)[22m[32m 10[2mms[22m[39m
[31m     [31m×[31m should create[39m[32m 10[2mms[22m[39m
 [31m❯[39m [30m[43m frontend [49m[39m src/app/products/components/product-list/product-list.spec.ts [2m([22m[2m15 tests[22m[2m | [22m[31m15 failed[39m[2m)[22m[33m 1481[2mms[22m[39m
[31m     [31m×[31m should create the component[39m[32m 269[2mms[22m[39m
[31m     [31m×[31m should call getProducts on init and subscribe to products$[39m[32m 138[2mms[22m[39m
[31m       [31m×[31m should open confirmation dialog[39m[32m 106[2mms[22m[39m
[31m       [31m×[31m should call productService.deleteProduct if dialog is confirmed[39m[32m 75[2mms[22m[39m
[31m       [31m×[31m should NOT call productService.deleteProduct if dialog is dismissed[39m[32m 75[2mms[22m[39m
[31m       [31m×[31m should get primary image when primary image exists[39m[32m 69[2mms[22m[39m
[31m       [31m×[31m should get first image when no primary image exists[39m[32m 75[2mms[22m[39m
[31m       [31m×[31m should return placeholder when no images exist[39m[32m 71[2mms[22m[39m
[31m       [31m×[31m should format image URL correctly[39m[32m 92[2mms[22m[39m
[31m       [31m×[31m should handle image errors by setting placeholder[39m[32m 93[2mms[22m[39m
[31m       [31m×[31m should calculate stock correctly for product with default location[39m[32m 106[2mms[22m[39m
[31m       [31m×[31m should calculate stock correctly for product without default location (sum all)[39m[32m 109[2mms[22m[39m
[31m       [31m×[31m should return 0 stock for product with no inventory items[39m[32m 71[2mms[22m[39m
[31m       [31m×[31m should display stock count in product card[39m[32m 65[2mms[22m[39m
[31m       [31m×[31m should load products with pagination[39m[32m 64[2mms[22m[39m
[90mstderr[2m | src/app/users/components/user-list/user-list-ux.spec.ts[2m > [22m[2mUserList - UX Tests[2m > [22m[2mshould handle error when loading users
[22m[39mError loading users: { error: [32m'Network error'[39m }

 [32m✓[39m [30m[43m frontend [49m[39m src/app/users/components/user-list/user-list-ux.spec.ts [2m([22m[2m10 tests[22m[2m)[22m[33m 1267[2mms[22m[39m
 [32m✓[39m [30m[43m frontend [49m[39m src/app/users/components/user-list/user-list.spec.ts [2m([22m[2m6 tests[22m[2m)[22m[33m 963[2mms[22m[39m
 [32m✓[39m [30m[43m frontend [49m[39m src/app/marketing/components/campaign-wizard/campaign-wizard.component.spec.ts [2m([22m[2m6 tests[22m[2m)[22m[33m 465[2mms[22m[39m
 [32m✓[39m [30m[43m frontend [49m[39m src/app/products/components/product-comparison/product-comparison.spec.ts [2m([22m[2m10 tests[22m[2m)[22m[32m 210[2mms[22m[39m
[90mstdout[2m | src/app/products/components/product-filters/product-filters.spec.ts[2m > [22m[2mProductFiltersComponent[2m > [22m[2mshould create
[22m[39mLoading categories and brands

 [32m✓[39m [30m[43m frontend [49m[39m src/app/users/components/user-create-modal/user-create-modal-ux.spec.ts [2m([22m[2m8 tests[22m[2m)[22m[33m 358[2mms[22m[39m
[90mstdout[2m | src/app/products/components/product-filters/product-filters.spec.ts[2m > [22m[2mProductFiltersComponent[2m > [22m[2mshould emit filtersChanged event when filter properties change
[22m[39mLoading categories and brands

[90mstdout[2m | src/app/products/components/product-filters/product-filters.spec.ts[2m > [22m[2mProductFiltersComponent[2m > [22m[2mshould emit filtersChanged event when filter properties change
[22m[39mFilters changed: { category: [32m'Electronics'[39m }

[90mstdout[2m | src/app/products/components/product-filters/product-filters.spec.ts[2m > [22m[2mProductFiltersComponent[2m > [22m[2mshould emit filtersChanged event when multiple filters are applied
[22m[39mLoading categories and brands

[90mstdout[2m | src/app/products/components/product-filters/product-filters.spec.ts[2m > [22m[2mProductFiltersComponent[2m > [22m[2mshould emit filtersChanged event when multiple filters are applied
[22m[39mFilters changed: {
  category: [32m'Electronics'[39m,
  brand: [32m'Brand A'[39m,
  min_price: [33m10[39m,
  max_price: [33m100[39m
}

[90mstdout[2m | src/app/products/components/product-filters/product-filters.spec.ts[2m > [22m[2mProductFiltersComponent[2m > [22m[2mshould emit filtersCleared event when filters are cleared
[22m[39mLoading categories and brands

[90mstdout[2m | src/app/products/components/product-filters/product-filters.spec.ts[2m > [22m[2mProductFiltersComponent[2m > [22m[2mshould emit filtersCleared event when filters are cleared
[22m[39mFilters changed: {}

[90mstdout[2m | src/app/products/components/product-filters/product-filters.spec.ts[2m > [22m[2mProductFiltersComponent[2m > [22m[2mshould have default filter values
[22m[39mLoading categories and brands

[90mstdout[2m | src/app/products/components/product-filters/product-filters.spec.ts[2m > [22m[2mProductFiltersComponent[2m > [22m[2mshould update filters when search query changes
[22m[39mLoading categories and brands

[90mstdout[2m | src/app/products/components/product-filters/product-filters.spec.ts[2m > [22m[2mProductFiltersComponent[2m > [22m[2mshould update filters when search query changes
[22m[39mFilters changed: { search_term: [32m'test product'[39m }

 [32m✓[39m [30m[43m frontend [49m[39m src/app/products/components/product-filters/product-filters.spec.ts [2m([22m[2m6 tests[22m[2m)[22m[32m 276[2mms[22m[39m
[90mstdout[2m | src/app/products/components/product-form/product-form-edge-cases.spec.ts[2m > [22m[2mProductForm: Edge Cases[2m > [22m[2mform validation edge cases[2m > [22m[2mshould not submit invalid form
[22m[39mProductForm: ngOnInit started
ProductForm: Route mode
ProductForm: initializeRouteMode
ProductForm: calling initializeForm
ProductForm: initializeForm next
ProductForm: initializeForm complete

 [32m✓[39m [30m[43m frontend [49m[39m src/app/users/components/audit-log-list/audit-log-list.spec.ts [2m([22m[2m6 tests[22m[2m)[22m[33m 328[2mms[22m[39m
[90mstdout[2m | src/app/products/components/product-form/product-form-edge-cases.spec.ts[2m > [22m[2mProductForm: Edge Cases[2m > [22m[2mform validation edge cases[2m > [22m[2mshould handle cancellation without unsaved changes
[22m[39mProductForm: ngOnInit started
ProductForm: Route mode
ProductForm: initializeRouteMode
ProductForm: calling initializeForm
ProductForm: initializeForm next
ProductForm: initializeForm complete

[90mstdout[2m | src/app/products/components/product-form/product-form-edge-cases.spec.ts[2m > [22m[2mProductForm: Edge Cases[2m > [22m[2mform validation edge cases[2m > [22m[2mshould maintain proper isDirty state
[22m[39mProductForm: ngOnInit started
ProductForm: Route mode
ProductForm: initializeRouteMode
ProductForm: calling initializeForm
ProductForm: initializeForm next
ProductForm: initializeForm complete

 [32m✓[39m [30m[43m frontend [49m[39m src/app/products/components/product-form/product-form-edge-cases.spec.ts [2m([22m[2m3 tests[22m[2m)[22m[32m 266[2mms[22m[39m
 [32m✓[39m [30m[43m frontend [49m[39m src/app/products/components/product-variants/product-variants.spec.ts [2m([22m[2m7 tests[22m[2m)[22m[32m 208[2mms[22m[39m
[90mstdout[2m | src/app/suppliers/purchase-orders/purchase-order-edit/purchase-order-edit.component.spec.ts[2m > [22m[2mPurchaseOrderEditComponent[2m > [22m[2mshould unpack bundle and add components recursively
[22m[39mhandleProductAutofill started for [33m99[39m
handleProductAutofill started for [33m101[39m
handleProductAutofill started for [33m102[39m

 [32m✓[39m [30m[43m frontend [49m[39m src/app/suppliers/purchase-orders/purchase-order-edit/purchase-order-edit.component.spec.ts [2m([22m[2m2 tests[22m[2m)[22m[32m 232[2mms[22m[39m
 [32m✓[39m [30m[43m frontend [49m[39m src/app/marketing/components/campaign-calendar/campaign-calendar.component.spec.ts [2m([22m[2m4 tests[22m[2m)[22m[32m 128[2mms[22m[39m
 [32m✓[39m [30m[43m frontend [49m[39m src/app/marketing/components/campaign-list/campaign-list.component.spec.ts [2m([22m[2m3 tests[22m[2m)[22m[32m 182[2mms[22m[39m
 [32m✓[39m [30m[43m frontend [49m[39m src/app/products/components/enhanced-image-management/enhanced-image-management.spec.ts [2m([22m[2m9 tests[22m[2m)[22m[32m 173[2mms[22m[39m
[90mstderr[2m | src/app/shared/components/image-dialog/image-dialog.spec.ts[2m > [22m[2mImageDialogComponent[2m > [22m[2msave functionality[2m > [22m[2mshould show error notification when saving fails
[22m[39mError updating image: Error occurred

 [32m✓[39m [30m[43m frontend [49m[39m src/app/shared/components/image-dialog/image-dialog.spec.ts [2m([22m[2m8 tests[22m[2m)[22m[32m 170[2mms[22m[39m
 [32m✓[39m [30m[43m frontend [49m[39m src/app/suppliers/supplier-list/supplier-list.component.spec.ts [2m([22m[2m2 tests[22m[2m)[22m[32m 154[2mms[22m[39m
 [32m✓[39m [30m[43m frontend [49m[39m src/app/expenses/components/expense-dialog/expense-dialog.spec.ts [2m([22m[2m2 tests[22m[2m)[22m[32m 259[2mms[22m[39m
 [32m✓[39m [30m[43m frontend [49m[39m src/app/products/components/stock-history-dialog/stock-history-dialog.component.spec.ts [2m([22m[2m5 tests[22m[2m)[22m[32m 194[2mms[22m[39m
 [32m✓[39m [30m[43m frontend [49m[39m src/app/products/components/stock-adjustment-dialog/stock-adjustment-dialog.spec.ts [2m([22m[2m8 tests[22m[2m)[22m[33m 301[2mms[22m[39m
 [32m✓[39m [30m[43m frontend [49m[39m src/app/marketing/components/quick-post-dialog/quick-post-dialog.component.spec.ts [2m([22m[2m3 tests[22m[2m)[22m[32m 102[2mms[22m[39m
 [32m✓[39m [30m[43m frontend [49m[39m src/app/products/components/batch-action-toolbar/batch-action-toolbar.spec.ts [2m([22m[2m8 tests[22m[2m)[22m[32m 117[2mms[22m[39m
[90mstdout[2m | src/app/products/components/product-form/product-form-image.spec.ts[2m > [22m[2mProductForm: Image Management[2m > [22m[2mimage handling[2m > [22m[2mshould format image URL correctly
[22m[39mProductForm: ngOnInit started
ProductForm: Route mode
ProductForm: initializeRouteMode
ProductForm: calling initializeForm
ProductForm: initializeForm next
ProductForm: initializeForm complete

 [32m✓[39m [30m[43m frontend [49m[39m src/app/products/components/product-form/product-form-image.spec.ts [2m([22m[2m3 tests[22m[2m)[22m[32m 88[2mms[22m[39m
 [32m✓[39m [30m[43m frontend [49m[39m src/app/users/components/account-management/account-management.spec.ts [2m([22m[2m4 tests[22m[2m)[22m[32m 86[2mms[22m[39m
 [32m✓[39m [30m[43m frontend [49m[39m src/app/products/components/pagination/pagination.spec.ts [2m([22m[2m8 tests[22m[2m)[22m[32m 49[2mms[22m[39m
 [32m✓[39m [30m[43m frontend [49m[39m src/app/marketing/components/quick-post-detail-dialog/quick-post-detail-dialog.component.spec.ts [2m([22m[2m4 tests[22m[2m)[22m[32m 67[2mms[22m[39m
 [32m✓[39m [30m[43m frontend [49m[39m src/app/suppliers/purchase-orders/receiving-dialog/receiving-dialog.component.spec.ts [2m([22m[2m3 tests[22m[2m)[22m[32m 58[2mms[22m[39m
 [32m✓[39m [30m[43m frontend [49m[39m src/app/suppliers/purchase-orders/purchase-order-list/purchase-order-list.component.spec.ts [2m([22m[2m1 test[22m[2m)[22m[32m 48[2mms[22m[39m
 [32m✓[39m [30m[43m frontend [49m[39m src/app/settings/components/change-log-dialog/change-log-dialog.spec.ts [2m([22m[2m3 tests[22m[2m)[22m[32m 45[2mms[22m[39m
 [32m✓[39m [30m[43m frontend [49m[39m src/app/auth/components/reset-password/reset-password.component.spec.ts [2m([22m[2m5 tests[22m[2m)[22m[32m 38[2mms[22m[39m
 [32m✓[39m [30m[43m frontend [49m[39m src/app/suppliers/purchase-orders/cost-allocation-dialog/cost-allocation-dialog.component.spec.ts [2m([22m[2m3 tests[22m[2m)[22m[32m 38[2mms[22m[39m
 [32m✓[39m [30m[43m frontend [49m[39m src/app/dashboard/pages/dashboard/dashboard.component.spec.ts [2m([22m[2m2 tests[22m[2m)[22m[32m 54[2mms[22m[39m
 [32m✓[39m [30m[43m frontend [49m[39m src/app/products/components/product-form/product-form-image-gallery.component.spec.ts [2m([22m[2m7 tests[22m[2m)[22m[32m 48[2mms[22m[39m
 [32m✓[39m [30m[43m frontend [49m[39m src/app/products/pages/product-dashboard/product-dashboard.component.spec.ts [2m([22m[2m2 tests[22m[2m)[22m[32m 47[2mms[22m[39m
 [32m✓[39m [30m[43m frontend [49m[39m src/app/dashboard/widgets/low-stock-list/low-stock-list.component.spec.ts [2m([22m[2m3 tests[22m[2m)[22m[32m 34[2mms[22m[39m
 [32m✓[39m [30m[43m frontend [49m[39m src/app/marketing/components/campaign-detail/campaign-detail.component.spec.ts [2m([22m[2m3 tests[22m[2m)[22m[32m 78[2mms[22m[39m
 [32m✓[39m [30m[43m frontend [49m[39m src/app/dashboard/widgets/inventory-health-widget/inventory-health-widget.component.spec.ts [2m([22m[2m2 tests[22m[2m)[22m[32m 84[2mms[22m[39m
 [32m✓[39m [30m[43m frontend [49m[39m src/app/users/components/force-password-change/force-password-change.component.spec.ts [2m([22m[2m1 test[22m[2m)[22m[32m 41[2mms[22m[39m
 [32m✓[39m [30m[43m frontend [49m[39m src/app/users/services/user.service.spec.ts [2m([22m[2m13 tests[22m[2m)[22m[32m 90[2mms[22m[39m
 [32m✓[39m [30m[43m frontend [49m[39m src/app/auth/components/forgot-password/forgot-password.component.spec.ts [2m([22m[2m4 tests[22m[2m)[22m[32m 31[2mms[22m[39m
 [32m✓[39m [30m[43m frontend [49m[39m src/app/app.component.spec.ts [2m([22m[2m1 test[22m[2m)[22m[32m 33[2mms[22m[39m
 [32m✓[39m [30m[43m frontend [49m[39m src/app/products/services/batch-operations.service.spec.ts [2m([22m[2m6 tests[22m[2m)[22m[32m 16[2mms[22m[39m
Error: connect ECONNREFUSED 127.0.0.1:3000
    at TCPConnectWrap.afterConnect [as oncomplete] (node:net:1637:16) {
  errno: -111,
  code: 'ECONNREFUSED',
  syscall: 'connect',
  address: '127.0.0.1',
  port: 3000
}
[90mstderr[2m | Object.error (/home/nickvander/fulcrum/frontend/src/app/core/services/settings.service.ts:66:31)
[22m[39mFailed to load store settings HttpErrorResponse {
  headers: HttpHeaders {
    headers: Map(0) {},
    normalizedNames: Map(0) {},
    lazyInit: [90mundefined[39m,
    lazyUpdate: [1mnull[22m
  },
  status: [33m0[39m,
  statusText: [32m'Unknown Error'[39m,
  url: [32m'/api/v1/inventory-settings/store'[39m,
  ok: [33mfalse[39m,
  type: [90mundefined[39m,
  redirected: [90mundefined[39m,
  responseType: [90mundefined[39m,
  name: [32m'HttpErrorResponse'[39m,
  message: [32m'Http failure response for /api/v1/inventory-settings/store: 0 Unknown Error'[39m,
  error: ErrorEvent {
    NONE: [33m0[39m,
    CAPTURING_PHASE: [33m1[39m,
    AT_TARGET: [33m2[39m,
    BUBBLING_PHASE: [33m3[39m,
    detail: [33m0[39m,
    layerX: [33m0[39m,
    layerY: [33m0[39m,
    pageX: [33m0[39m,
    pageY: [33m0[39m,
    view: [1mnull[22m,
    message: [32m'Failed to execute "fetch()" on "Window" with URL "http://localhost:3000/api/v1/inventory-settings/store": connect ECONNREFUSED 127.0.0.1:3000'[39m,
    filename: [32m''[39m,
    lineno: [33m0[39m,
    colno: [33m0[39m,
    error: DOMException [NetworkError]: Failed to execute "fetch()" on "Window" with URL "http://localhost:3000/api/v1/inventory-settings/store": connect ECONNREFUSED 127.0.0.1:3000
        at Fetch.onError [90m(file:///home/nickvander/fulcrum/frontend/[39mnode_modules/[4mhappy-dom[24m/lib/fetch/Fetch.js:384:21[90m)[39m
    [90m    at ClientRequest.emit (node:events:508:28)[39m
    [90m    at emitErrorEvent (node:_http_client:107:11)[39m
    [90m    at Socket.socketErrorListener (node:_http_client:574:5)[39m
    [90m    at Socket.emit (node:events:508:28)[39m
    [90m    at emitErrorNT (node:internal/streams/destroy:170:8)[39m
    [90m    at emitErrorCloseNT (node:internal/streams/destroy:129:3)[39m
    [90m    at processTicksAndRejections (node:internal/process/task_queues:90:21)[39m,
    [32mSymbol(composed)[39m: [33mfalse[39m,
    [32mSymbol(bubbles)[39m: [33mfalse[39m,
    [32mSymbol(cancelable)[39m: [33mfalse[39m,
    [32mSymbol(defaultPrevented)[39m: [33mfalse[39m,
    [32mSymbol(eventPhase)[39m: [33m2[39m,
    [32mSymbol(timeStamp)[39m: [33m8683.674756[39m,
    [32mSymbol(type)[39m: [32m'error'[39m,
    [32mSymbol(immediatePropagationStopped)[39m: [33mfalse[39m,
    [32mSymbol(propagationStopped)[39m: [33mfalse[39m,
    [32mSymbol(target)[39m: XMLHttpRequest [EventTarget] {
      onloadstart: [1mnull[22m,
      onprogress: [1mnull[22m,
      onabort: [1mnull[22m,
      onerror: [1mnull[22m,
      onload: [1mnull[22m,
      ontimeout: [1mnull[22m,
      onloadend: [1mnull[22m,
      upload: [36m[XMLHttpRequestUpload [EventTarget]][39m,
      withCredentials: [33mfalse[39m,
      __zone_symbol__xhrSync: [33mfalse[39m,
      __zone_symbol__xhrURL: [32m'/api/v1/inventory-settings/store'[39m,
      __zone_symbol__loadfalse: [36m[Array][39m,
      __zone_symbol__errorfalse: [36m[Array][39m,
      __zone_symbol__timeoutfalse: [36m[Array][39m,
      __zone_symbol__abortfalse: [36m[Array][39m,
      __zone_symbol__xhrScheduled: [33mtrue[39m,
      __zone_symbol__xhrErrorBeforeScheduled: [33mfalse[39m,
      __zone_symbol__xhrListener: [36m[Function (anonymous)][39m,
      __zone_symbol__xhrTask: [36m[ZoneTask][39m,
      [32mSymbol(listeners)[39m: [36m[Object][39m,
      [32mSymbol(listenerOptions)[39m: [36m[Object][39m
    },
    [32mSymbol(currentTarget)[39m: XMLHttpRequest [EventTarget] {
      onloadstart: [1mnull[22m,
      onprogress: [1mnull[22m,
      onabort: [1mnull[22m,
      onerror: [1mnull[22m,
      onload: [1mnull[22m,
      ontimeout: [1mnull[22m,
      onloadend: [1mnull[22m,
      upload: [36m[XMLHttpRequestUpload [EventTarget]][39m,
      withCredentials: [33mfalse[39m,
      __zone_symbol__xhrSync: [33mfalse[39m,
      __zone_symbol__xhrURL: [32m'/api/v1/inventory-settings/store'[39m,
      __zone_symbol__loadfalse: [36m[Array][39m,
      __zone_symbol__errorfalse: [36m[Array][39m,
      __zone_symbol__timeoutfalse: [36m[Array][39m,
      __zone_symbol__abortfalse: [36m[Array][39m,
      __zone_symbol__xhrScheduled: [33mtrue[39m,
      __zone_symbol__xhrErrorBeforeScheduled: [33mfalse[39m,
      __zone_symbol__xhrListener: [36m[Function (anonymous)][39m,
      __zone_symbol__xhrTask: [36m[ZoneTask][39m,
      [32mSymbol(listeners)[39m: [36m[Object][39m,
      [32mSymbol(listenerOptions)[39m: [36m[Object][39m
    },
    [32mSymbol(isInPassiveEventListener)[39m: [33mfalse[39m
  }
}

 [32m✓[39m [30m[43m frontend [49m[39m src/app/suppliers/supplier-product-manager/supplier-product-manager.component.spec.ts [2m([22m[2m2 tests[22m[2m)[22m[32m 22[2mms[22m[39m
 [32m✓[39m [30m[43m frontend [49m[39m src/app/products/services/product.spec.ts [2m([22m[2m9 tests[22m[2m)[22m[32m 28[2mms[22m[39m
 [32m✓[39m [30m[43m frontend [49m[39m src/app/suppliers/purchase-orders/supplier-selection-dialog/supplier-selection-dialog.component.spec.ts [2m([22m[2m2 tests[22m[2m)[22m[32m 27[2mms[22m[39m
 [32m✓[39m [30m[43m frontend [49m[39m src/app/settings/components/custom-field-dialog/custom-field-dialog.spec.ts [2m([22m[2m1 test[22m[2m)[22m[32m 19[2mms[22m[39m
 [32m✓[39m [30m[43m frontend [49m[39m src/app/users/services/bulk-import.service.spec.ts [2m([22m[2m10 tests[22m[2m)[22m[32m 17[2mms[22m[39m
 [32m✓[39m [30m[43m frontend [49m[39m src/app/dashboard/widgets/stat-card/stat-card.component.spec.ts [2m([22m[2m3 tests[22m[2m)[22m[32m 18[2mms[22m[39m
 [32m✓[39m [30m[43m frontend [49m[39m src/app/products/services/product-comparison.service.spec.ts [2m([22m[2m8 tests[22m[2m)[22m[32m 11[2mms[22m[39m
 [32m✓[39m [30m[43m frontend [49m[39m src/app/shared/components/date-range-presets/date-range-presets.component.spec.ts [2m([22m[2m1 test[22m[2m)[22m[32m 11[2mms[22m[39m
 [32m✓[39m [30m[43m frontend [49m[39m src/app/shared/components/status-filter/status-filter.component.spec.ts [2m([22m[2m1 test[22m[2m)[22m[32m 14[2mms[22m[39m
 [32m✓[39m [30m[43m frontend [49m[39m src/app/settings/components/custom-field-list/custom-field-list.spec.ts [2m([22m[2m1 test[22m[2m)[22m[32m 8[2mms[22m[39m
 [32m✓[39m [30m[43m frontend [49m[39m src/app/shared/components/ai-search-bar/ai-search-bar.spec.ts [2m([22m[2m1 test[22m[2m)[22m[32m 6[2mms[22m[39m
 [32m✓[39m [30m[43m frontend [49m[39m src/app/core/components/header/header.spec.ts [2m([22m[2m1 test[22m[2m)[22m[32m 5[2mms[22m[39m
 [32m✓[39m [30m[43m frontend [49m[39m src/app/core/components/sidenav/sidenav.spec.ts [2m([22m[2m1 test[22m[2m)[22m[32m 7[2mms[22m[39m
 [32m✓[39m [30m[43m frontend [49m[39m src/app/auth/components/login/login.spec.ts [2m([22m[2m1 test[22m[2m)[22m[32m 6[2mms[22m[39m
 [32m✓[39m [30m[43m frontend [49m[39m src/app/core/services/auth.service.spec.ts [2m([22m[2m1 test[22m[2m)[22m[32m 5[2mms[22m[39m
 [32m✓[39m [30m[43m frontend [49m[39m src/app/settings/components/settings/settings.spec.ts [2m([22m[2m1 test[22m[2m)[22m[32m 4[2mms[22m[39m
 [32m✓[39m [30m[43m frontend [49m[39m src/app/users/users.spec.ts [2m([22m[2m1 test[22m[2m)[22m[32m 3[2mms[22m[39m
 [32m✓[39m [30m[43m frontend [49m[39m src/app/shared/components/marketplace-status/marketplace-status.component.spec.ts [2m([22m[2m1 test[22m[2m)[22m[32m 4[2mms[22m[39m
 [32m✓[39m [30m[43m frontend [49m[39m src/app/shared/directives/infinite-scroll.directive.spec.ts [2m([22m[2m11 tests[22m[2m)[22m[32m 3[2mms[22m[39m
 [32m✓[39m [30m[43m frontend [49m[39m src/app/suppliers/suppliers.service.spec.ts [2m([22m[2m1 test[22m[2m)[22m[32m 2[2mms[22m[39m
 [32m✓[39m [30m[43m frontend [49m[39m src/app/core/services/hardware.service.spec.ts [2m([22m[2m1 test[22m[2m)[22m[32m 4[2mms[22m[39m
 [32m✓[39m [30m[43m frontend [49m[39m src/app/shared/pipes/safe-url-pipe.spec.ts [2m([22m[2m1 test[22m[2m)[22m[32m 1[2mms[22m[39m
 [32m✓[39m [30m[43m frontend [49m[39m src/app/marketplaces/marketplaces.spec.ts [2m([22m[2m1 test[22m[2m)[22m[32m 2[2mms[22m[39m
 [32m✓[39m [30m[43m frontend [49m[39m src/app/auth/interceptors/auth-interceptor.spec.ts [2m([22m[2m1 test[22m[2m)[22m[32m 0[2mms[22m[39m
 [32m✓[39m [30m[43m frontend [49m[39m src/app/auth/guards/auth-guard.spec.ts [2m([22m[2m1 test[22m[2m)[22m[32m 0[2mms[22m[39m
 [2m[90m↓[39m[22m [30m[43m frontend [49m[39m src/app/suppliers/supplier-detail/supplier-detail.component.spec.ts [2m([22m[2m1 test[22m[2m | [22m[33m1 skipped[39m[2m)[22m
 [2m[90m↓[39m[22m [30m[43m frontend [49m[39m src/app/products/components/product-form/product-form-advanced-error-handling.spec.ts [2m([22m[2m2 tests[22m[2m | [22m[33m2 skipped[39m[2m)[22m
 [2m[90m↓[39m[22m [30m[43m frontend [49m[39m src/app/products/components/product-form/product-form-create.spec.ts [2m([22m[2m8 tests[22m[2m | [22m[33m2 skipped[39m[2m)[22m
 [2m[90m↓[39m[22m [30m[43m frontend [49m[39m src/app/products/components/product-form/product-form-edit.spec.ts [2m([22m[2m3 tests[22m[2m | [22m[33m3 skipped[39m[2m)[22m
 [2m[90m↓[39m[22m [30m[43m frontend [49m[39m src/app/products/components/product-form/product-form-error-handling.spec.ts [2m([22m[2m5 tests[22m[2m | [22m[33m5 skipped[39m[2m)[22m
 [2m[90m↓[39m[22m [30m[43m frontend [49m[39m src/app/products/components/products/products.spec.ts [2m([22m[2m2 tests[22m[2m | [22m[33m2 skipped[39m[2m)[22m
 [2m[90m↓[39m[22m [30m[43m frontend [49m[39m src/app/users/components/user-bulk-import-dialog/user-bulk-import-dialog.spec.ts [2m([22m[2m12 tests[22m[2m | [22m[33m12 skipped[39m[2m)[22m

[31m⎯⎯⎯⎯⎯⎯[39m[1m[41m Failed Tests 43 [49m[22m[31m⎯⎯⎯⎯⎯⎯⎯[39m

[41m[1m FAIL [22m[49m [30m[43m frontend [49m[39m src/app/products/product-ingestion/product-ingestion.spec.ts[2m > [22mProductIngestion[2m > [22mshould create
[31m[1mɵNotFound[22m: NG0201: No provider found for `InjectionToken TRANSLOCO_TRANSPILER`. Source: Standalone[_ProductIngestion]. Path: TranslocoService -> InjectionToken TRANSLOCO_TRANSPILER. Find more at https://v21.angular.dev/errors/NG0201[39m
[90m [2m❯[22m createRuntimeError node_modules/@angular/core/fesm2022/_untracked-chunk.mjs:[2m555:17[22m[39m
[90m [2m❯[22m NullInjector.get node_modules/@angular/core/fesm2022/_untracked-chunk.mjs:[2m836:21[22m[39m
[90m [2m❯[22m R3Injector.get node_modules/@angular/core/fesm2022/_untracked-chunk.mjs:[2m1192:27[22m[39m
[90m [2m❯[22m R3Injector.get node_modules/@angular/core/fesm2022/_untracked-chunk.mjs:[2m1192:27[22m[39m
[90m [2m❯[22m R3Injector.retrieve node_modules/@angular/core/fesm2022/_untracked-chunk.mjs:[2m1102:19[22m[39m
[90m [2m❯[22m injectInjectorOnly node_modules/@angular/core/fesm2022/_untracked-chunk.mjs:[2m625:35[22m[39m
[90m [2m❯[22m ɵɵinject node_modules/@angular/core/fesm2022/_untracked-chunk.mjs:[2m637:59[22m[39m
[90m [2m❯[22m Object.TranslocoService_Factory [as factory] ng:/TranslocoService/ɵfac.js:[2m6:10[22m[39m
[90m [2m❯[22m node_modules/@angular/core/fesm2022/_untracked-chunk.mjs:[2m1297:35[22m[39m
[90m [2m❯[22m runInInjectorProfilerContext node_modules/@angular/core/fesm2022/_untracked-chunk.mjs:[2m437:5[22m[39m

[31m[2m⎯⎯⎯⎯⎯⎯⎯⎯⎯⎯⎯⎯⎯⎯⎯⎯⎯⎯⎯⎯⎯⎯⎯[1/43]⎯[22m[39m

[41m[1m FAIL [22m[49m [30m[43m frontend [49m[39m src/app/marketing/components/connector-settings/connector-settings.component.spec.ts[2m > [22mConnectorSettingsComponent[2m > [22mshould create
[41m[1m FAIL [22m[49m [30m[43m frontend [49m[39m src/app/marketing/components/connector-settings/connector-settings.component.spec.ts[2m > [22mConnectorSettingsComponent[2m > [22mshould load connectors on init
[41m[1m FAIL [22m[49m [30m[43m frontend [49m[39m src/app/marketing/components/connector-settings/connector-settings.component.spec.ts[2m > [22mConnectorSettingsComponent[2m > [22mshould open email setup
[41m[1m FAIL [22m[49m [30m[43m frontend [49m[39m src/app/marketing/components/connector-settings/connector-settings.component.spec.ts[2m > [22mConnectorSettingsComponent[2m > [22mshould open social setup
[31m[1mɵNotFound[22m: NG0201: No provider found for `InjectionToken TRANSLOCO_TRANSPILER`. Source: Standalone[_ConnectorSettingsComponent]. Path: TranslocoService -> InjectionToken TRANSLOCO_TRANSPILER. Find more at https://v21.angular.dev/errors/NG0201[39m
[90m [2m❯[22m createRuntimeError node_modules/@angular/core/fesm2022/_untracked-chunk.mjs:[2m555:17[22m[39m
[90m [2m❯[22m NullInjector.get node_modules/@angular/core/fesm2022/_untracked-chunk.mjs:[2m836:21[22m[39m
[90m [2m❯[22m R3Injector.get node_modules/@angular/core/fesm2022/_untracked-chunk.mjs:[2m1192:27[22m[39m
[90m [2m❯[22m R3Injector.get node_modules/@angular/core/fesm2022/_untracked-chunk.mjs:[2m1192:27[22m[39m
[90m [2m❯[22m R3Injector.retrieve node_modules/@angular/core/fesm2022/_untracked-chunk.mjs:[2m1102:19[22m[39m
[90m [2m❯[22m injectInjectorOnly node_modules/@angular/core/fesm2022/_untracked-chunk.mjs:[2m625:35[22m[39m
[90m [2m❯[22m ɵɵinject node_modules/@angular/core/fesm2022/_untracked-chunk.mjs:[2m637:59[22m[39m
[90m [2m❯[22m Object.TranslocoService_Factory [as factory] ng:/TranslocoService/ɵfac.js:[2m6:10[22m[39m
[90m [2m❯[22m node_modules/@angular/core/fesm2022/_untracked-chunk.mjs:[2m1297:35[22m[39m
[90m [2m❯[22m runInInjectorProfilerContext node_modules/@angular/core/fesm2022/_untracked-chunk.mjs:[2m437:5[22m[39m

[31m[2m⎯⎯⎯⎯⎯⎯⎯⎯⎯⎯⎯⎯⎯⎯⎯⎯⎯⎯⎯⎯⎯⎯⎯[2/43]⎯[22m[39m

[41m[1m FAIL [22m[49m [30m[43m frontend [49m[39m src/app/marketplaces/pages/marketplace-detail/marketplace-detail.spec.ts[2m > [22mMarketplaceDetailComponent[2m > [22mshould create
[31m[1mɵNotFound[22m: NG0201: No provider found for `InjectionToken TRANSLOCO_TRANSPILER`. Source: Standalone[_MarketplaceDetailComponent]. Path: TranslocoService -> InjectionToken TRANSLOCO_TRANSPILER. Find more at https://v21.angular.dev/errors/NG0201[39m
[90m [2m❯[22m createRuntimeError node_modules/@angular/core/fesm2022/_untracked-chunk.mjs:[2m555:17[22m[39m
[90m [2m❯[22m NullInjector.get node_modules/@angular/core/fesm2022/_untracked-chunk.mjs:[2m836:21[22m[39m
[90m [2m❯[22m R3Injector.get node_modules/@angular/core/fesm2022/_untracked-chunk.mjs:[2m1192:27[22m[39m
[90m [2m❯[22m R3Injector.get node_modules/@angular/core/fesm2022/_untracked-chunk.mjs:[2m1192:27[22m[39m
[90m [2m❯[22m R3Injector.retrieve node_modules/@angular/core/fesm2022/_untracked-chunk.mjs:[2m1102:19[22m[39m
[90m [2m❯[22m injectInjectorOnly node_modules/@angular/core/fesm2022/_untracked-chunk.mjs:[2m625:35[22m[39m
[90m [2m❯[22m ɵɵinject node_modules/@angular/core/fesm2022/_untracked-chunk.mjs:[2m637:59[22m[39m
[90m [2m❯[22m Object.TranslocoService_Factory [as factory] ng:/TranslocoService/ɵfac.js:[2m6:10[22m[39m
[90m [2m❯[22m node_modules/@angular/core/fesm2022/_untracked-chunk.mjs:[2m1297:35[22m[39m
[90m [2m❯[22m runInInjectorProfilerContext node_modules/@angular/core/fesm2022/_untracked-chunk.mjs:[2m437:5[22m[39m

[31m[2m⎯⎯⎯⎯⎯⎯⎯⎯⎯⎯⎯⎯⎯⎯⎯⎯⎯⎯⎯⎯⎯⎯⎯[3/43]⎯[22m[39m

[41m[1m FAIL [22m[49m [30m[43m frontend [49m[39m src/app/marketplaces/pages/marketplace-list/marketplace-list.spec.ts[2m > [22mMarketplaceListComponent[2m > [22mshould create
[31m[1mɵNotFound[22m: NG0201: No provider found for `InjectionToken TRANSLOCO_TRANSPILER`. Source: Standalone[_MarketplaceListComponent]. Path: TranslocoService -> InjectionToken TRANSLOCO_TRANSPILER. Find more at https://v21.angular.dev/errors/NG0201[39m
[90m [2m❯[22m createRuntimeError node_modules/@angular/core/fesm2022/_untracked-chunk.mjs:[2m555:17[22m[39m
[90m [2m❯[22m NullInjector.get node_modules/@angular/core/fesm2022/_untracked-chunk.mjs:[2m836:21[22m[39m
[90m [2m❯[22m R3Injector.get node_modules/@angular/core/fesm2022/_untracked-chunk.mjs:[2m1192:27[22m[39m
[90m [2m❯[22m R3Injector.get node_modules/@angular/core/fesm2022/_untracked-chunk.mjs:[2m1192:27[22m[39m
[90m [2m❯[22m R3Injector.retrieve node_modules/@angular/core/fesm2022/_untracked-chunk.mjs:[2m1102:19[22m[39m
[90m [2m❯[22m injectInjectorOnly node_modules/@angular/core/fesm2022/_untracked-chunk.mjs:[2m625:35[22m[39m
[90m [2m❯[22m ɵɵinject node_modules/@angular/core/fesm2022/_untracked-chunk.mjs:[2m637:59[22m[39m
[90m [2m❯[22m Object.TranslocoService_Factory [as factory] ng:/TranslocoService/ɵfac.js:[2m6:10[22m[39m
[90m [2m❯[22m node_modules/@angular/core/fesm2022/_untracked-chunk.mjs:[2m1297:35[22m[39m
[90m [2m❯[22m runInInjectorProfilerContext node_modules/@angular/core/fesm2022/_untracked-chunk.mjs:[2m437:5[22m[39m

[31m[2m⎯⎯⎯⎯⎯⎯⎯⎯⎯⎯⎯⎯⎯⎯⎯⎯⎯⎯⎯⎯⎯⎯⎯[4/43]⎯[22m[39m

[41m[1m FAIL [22m[49m [30m[43m frontend [49m[39m src/app/products/components/product-details-dialog/product-details-dialog.component.spec.ts[2m > [22mProductDetailsDialogComponent[2m > [22mshould create
[41m[1m FAIL [22m[49m [30m[43m frontend [49m[39m src/app/products/components/product-details-dialog/product-details-dialog.component.spec.ts[2m > [22mProductDetailsDialogComponent[2m > [22mshould initialize with product data
[41m[1m FAIL [22m[49m [30m[43m frontend [49m[39m src/app/products/components/product-details-dialog/product-details-dialog.component.spec.ts[2m > [22mProductDetailsDialogComponent[2m > [22mshould load history on init
[41m[1m FAIL [22m[49m [30m[43m frontend [49m[39m src/app/products/components/product-details-dialog/product-details-dialog.component.spec.ts[2m > [22mProductDetailsDialogComponent[2m > [22mshould switch to edit mode
[41m[1m FAIL [22m[49m [30m[43m frontend [49m[39m src/app/products/components/product-details-dialog/product-details-dialog.component.spec.ts[2m > [22mProductDetailsDialogComponent[2m > [22mshould navigate to PO and close dialog
[31m[1mɵNotFound[22m: NG0201: No provider found for `InjectionToken TRANSLOCO_TRANSPILER`. Source: Standalone[_ProductDetailsDialogComponent]. Path: TranslocoService -> InjectionToken TRANSLOCO_TRANSPILER. Find more at https://v21.angular.dev/errors/NG0201[39m
[90m [2m❯[22m createRuntimeError node_modules/@angular/core/fesm2022/_untracked-chunk.mjs:[2m555:17[22m[39m
[90m [2m❯[22m NullInjector.get node_modules/@angular/core/fesm2022/_untracked-chunk.mjs:[2m836:21[22m[39m
[90m [2m❯[22m R3Injector.get node_modules/@angular/core/fesm2022/_untracked-chunk.mjs:[2m1192:27[22m[39m
[90m [2m❯[22m R3Injector.get node_modules/@angular/core/fesm2022/_untracked-chunk.mjs:[2m1192:27[22m[39m
[90m [2m❯[22m R3Injector.retrieve node_modules/@angular/core/fesm2022/_untracked-chunk.mjs:[2m1102:19[22m[39m
[90m [2m❯[22m injectInjectorOnly node_modules/@angular/core/fesm2022/_untracked-chunk.mjs:[2m625:35[22m[39m
[90m [2m❯[22m ɵɵinject node_modules/@angular/core/fesm2022/_untracked-chunk.mjs:[2m637:59[22m[39m
[90m [2m❯[22m Object.TranslocoService_Factory [as factory] ng:/TranslocoService/ɵfac.js:[2m6:10[22m[39m
[90m [2m❯[22m node_modules/@angular/core/fesm2022/_untracked-chunk.mjs:[2m1297:35[22m[39m
[90m [2m❯[22m runInInjectorProfilerContext node_modules/@angular/core/fesm2022/_untracked-chunk.mjs:[2m437:5[22m[39m

[31m[2m⎯⎯⎯⎯⎯⎯⎯⎯⎯⎯⎯⎯⎯⎯⎯⎯⎯⎯⎯⎯⎯⎯⎯[5/43]⎯[22m[39m

[41m[1m FAIL [22m[49m [30m[43m frontend [49m[39m src/app/products/components/product-list/product-list.spec.ts[2m > [22mProductList[2m > [22mshould create the component
[41m[1m FAIL [22m[49m [30m[43m frontend [49m[39m src/app/products/components/product-list/product-list.spec.ts[2m > [22mProductList[2m > [22mshould call getProducts on init and subscribe to products$
[41m[1m FAIL [22m[49m [30m[43m frontend [49m[39m src/app/products/components/product-list/product-list.spec.ts[2m > [22mProductList[2m > [22mdeleteProduct[2m > [22mshould open confirmation dialog
[41m[1m FAIL [22m[49m [30m[43m frontend [49m[39m src/app/products/components/product-list/product-list.spec.ts[2m > [22mProductList[2m > [22mdeleteProduct[2m > [22mshould call productService.deleteProduct if dialog is confirmed
[41m[1m FAIL [22m[49m [30m[43m frontend [49m[39m src/app/products/components/product-list/product-list.spec.ts[2m > [22mProductList[2m > [22mdeleteProduct[2m > [22mshould NOT call productService.deleteProduct if dialog is dismissed
[41m[1m FAIL [22m[49m [30m[43m frontend [49m[39m src/app/products/components/product-list/product-list.spec.ts[2m > [22mProductList[2m > [22mimage handling[2m > [22mshould get primary image when primary image exists
[41m[1m FAIL [22m[49m [30m[43m frontend [49m[39m src/app/products/components/product-list/product-list.spec.ts[2m > [22mProductList[2m > [22mimage handling[2m > [22mshould get first image when no primary image exists
[41m[1m FAIL [22m[49m [30m[43m frontend [49m[39m src/app/products/components/product-list/product-list.spec.ts[2m > [22mProductList[2m > [22mimage handling[2m > [22mshould return placeholder when no images exist
[41m[1m FAIL [22m[49m [30m[43m frontend [49m[39m src/app/products/components/product-list/product-list.spec.ts[2m > [22mProductList[2m > [22mimage handling[2m > [22mshould format image URL correctly
[41m[1m FAIL [22m[49m [30m[43m frontend [49m[39m src/app/products/components/product-list/product-list.spec.ts[2m > [22mProductList[2m > [22mimage handling[2m > [22mshould handle image errors by setting placeholder
[41m[1m FAIL [22m[49m [30m[43m frontend [49m[39m src/app/products/components/product-list/product-list.spec.ts[2m > [22mProductList[2m > [22mstock display[2m > [22mshould calculate stock correctly for product with default location
[41m[1m FAIL [22m[49m [30m[43m frontend [49m[39m src/app/products/components/product-list/product-list.spec.ts[2m > [22mProductList[2m > [22mstock display[2m > [22mshould calculate stock correctly for product without default location (sum all)
[41m[1m FAIL [22m[49m [30m[43m frontend [49m[39m src/app/products/components/product-list/product-list.spec.ts[2m > [22mProductList[2m > [22mstock display[2m > [22mshould return 0 stock for product with no inventory items
[41m[1m FAIL [22m[49m [30m[43m frontend [49m[39m src/app/products/components/product-list/product-list.spec.ts[2m > [22mProductList[2m > [22mstock display[2m > [22mshould display stock count in product card
[41m[1m FAIL [22m[49m [30m[43m frontend [49m[39m src/app/products/components/product-list/product-list.spec.ts[2m > [22mProductList[2m > [22mloadProducts functionality[2m > [22mshould load products with pagination
[31m[1mError[22m: NG01203: No value accessor for form control unspecified name attribute. Find more at https://v21.angular.dev/errors/NG01203[39m
[90m [2m❯[22m _throwMissingValueAccessorError node_modules/@angular/forms/fesm2022/forms.mjs:[2m1777:9[22m[39m
[90m [2m❯[22m setUpControl node_modules/@angular/forms/fesm2022/forms.mjs:[2m1632:29[22m[39m
[90m [2m❯[22m NgModel._setUpStandalone node_modules/@angular/forms/fesm2022/forms.mjs:[2m2435:5[22m[39m
[90m [2m❯[22m NgModel._setUpControl node_modules/@angular/forms/fesm2022/forms.mjs:[2m2423:33[22m[39m
[90m [2m❯[22m NgModel.ngOnChanges node_modules/@angular/forms/fesm2022/forms.mjs:[2m2398:12[22m[39m
[90m [2m❯[22m NgModel.rememberChangeHistoryAndInvokeOnChangesHook node_modules/@angular/core/fesm2022/_debug_node-chunk.mjs:[2m375:10[22m[39m
[90m [2m❯[22m callHookInternal node_modules/@angular/core/fesm2022/_debug_node-chunk.mjs:[2m555:10[22m[39m
[90m [2m❯[22m callHook node_modules/@angular/core/fesm2022/_debug_node-chunk.mjs:[2m573:5[22m[39m
[90m [2m❯[22m callHooks node_modules/@angular/core/fesm2022/_debug_node-chunk.mjs:[2m544:9[22m[39m
[90m [2m❯[22m executeInitAndCheckHooks node_modules/@angular/core/fesm2022/_debug_node-chunk.mjs:[2m513:5[22m[39m

[31m[2m⎯⎯⎯⎯⎯⎯⎯⎯⎯⎯⎯⎯⎯⎯⎯⎯⎯⎯⎯⎯⎯⎯⎯[6/43]⎯[22m[39m

[41m[1m FAIL [22m[49m [30m[43m frontend [49m[39m src/app/suppliers/pages/supplier-dashboard/supplier-dashboard.component.spec.ts[2m > [22mSupplierDashboardComponent[2m > [22mshould create
[31m[1mɵNotFound[22m: NG0201: No provider found for `InjectionToken TRANSLOCO_TRANSPILER`. Source: Standalone[_SupplierDashboardComponent]. Path: TranslocoService -> InjectionToken TRANSLOCO_TRANSPILER. Find more at https://v21.angular.dev/errors/NG0201[39m
[90m [2m❯[22m createRuntimeError node_modules/@angular/core/fesm2022/_untracked-chunk.mjs:[2m555:17[22m[39m
[90m [2m❯[22m NullInjector.get node_modules/@angular/core/fesm2022/_untracked-chunk.mjs:[2m836:21[22m[39m
[90m [2m❯[22m R3Injector.get node_modules/@angular/core/fesm2022/_untracked-chunk.mjs:[2m1192:27[22m[39m
[90m [2m❯[22m R3Injector.get node_modules/@angular/core/fesm2022/_untracked-chunk.mjs:[2m1192:27[22m[39m
[90m [2m❯[22m R3Injector.retrieve node_modules/@angular/core/fesm2022/_untracked-chunk.mjs:[2m1102:19[22m[39m
[90m [2m❯[22m injectInjectorOnly node_modules/@angular/core/fesm2022/_untracked-chunk.mjs:[2m625:35[22m[39m
[90m [2m❯[22m ɵɵinject node_modules/@angular/core/fesm2022/_untracked-chunk.mjs:[2m637:59[22m[39m
[90m [2m❯[22m Object.TranslocoService_Factory [as factory] ng:/TranslocoService/ɵfac.js:[2m6:10[22m[39m
[90m [2m❯[22m node_modules/@angular/core/fesm2022/_untracked-chunk.mjs:[2m1297:35[22m[39m
[90m [2m❯[22m runInInjectorProfilerContext node_modules/@angular/core/fesm2022/_untracked-chunk.mjs:[2m437:5[22m[39m

[31m[2m⎯⎯⎯⎯⎯⎯⎯⎯⎯⎯⎯⎯⎯⎯⎯⎯⎯⎯⎯⎯⎯⎯⎯[7/43]⎯[22m[39m

[41m[1m FAIL [22m[49m [30m[43m frontend [49m[39m src/app/suppliers/purchase-orders/quick-product-dialog/quick-product-dialog.component.spec.ts[2m > [22mQuickProductDialogComponent[2m > [22mshould create
[41m[1m FAIL [22m[49m [30m[43m frontend [49m[39m src/app/suppliers/purchase-orders/quick-product-dialog/quick-product-dialog.component.spec.ts[2m > [22mQuickProductDialogComponent[2m > [22mshould initialize form with data
[41m[1m FAIL [22m[49m [30m[43m frontend [49m[39m src/app/suppliers/purchase-orders/quick-product-dialog/quick-product-dialog.component.spec.ts[2m > [22mQuickProductDialogComponent[2m > [22mshould call createProduct on submit
[31m[1mɵNotFound[22m: NG0201: No provider found for `InjectionToken TRANSLOCO_TRANSPILER`. Source: Standalone[_QuickProductDialogComponent]. Path: TranslocoService -> InjectionToken TRANSLOCO_TRANSPILER. Find more at https://v21.angular.dev/errors/NG0201[39m
[90m [2m❯[22m createRuntimeError node_modules/@angular/core/fesm2022/_untracked-chunk.mjs:[2m555:17[22m[39m
[90m [2m❯[22m NullInjector.get node_modules/@angular/core/fesm2022/_untracked-chunk.mjs:[2m836:21[22m[39m
[90m [2m❯[22m R3Injector.get node_modules/@angular/core/fesm2022/_untracked-chunk.mjs:[2m1192:27[22m[39m
[90m [2m❯[22m R3Injector.get node_modules/@angular/core/fesm2022/_untracked-chunk.mjs:[2m1192:27[22m[39m
[90m [2m❯[22m R3Injector.retrieve node_modules/@angular/core/fesm2022/_untracked-chunk.mjs:[2m1102:19[22m[39m
[90m [2m❯[22m injectInjectorOnly node_modules/@angular/core/fesm2022/_untracked-chunk.mjs:[2m625:35[22m[39m
[90m [2m❯[22m ɵɵinject node_modules/@angular/core/fesm2022/_untracked-chunk.mjs:[2m637:59[22m[39m
[90m [2m❯[22m Object.TranslocoService_Factory [as factory] ng:/TranslocoService/ɵfac.js:[2m6:10[22m[39m
[90m [2m❯[22m node_modules/@angular/core/fesm2022/_untracked-chunk.mjs:[2m1297:35[22m[39m
[90m [2m❯[22m runInInjectorProfilerContext node_modules/@angular/core/fesm2022/_untracked-chunk.mjs:[2m437:5[22m[39m

[31m[2m⎯⎯⎯⎯⎯⎯⎯⎯⎯⎯⎯⎯⎯⎯⎯⎯⎯⎯⎯⎯⎯⎯⎯[8/43]⎯[22m[39m

[41m[1m FAIL [22m[49m [30m[43m frontend [49m[39m src/app/users/components/password-reset-dialog/password-reset-dialog.spec.ts[2m > [22mPasswordResetDialog[2m > [22mshould create
[41m[1m FAIL [22m[49m [30m[43m frontend [49m[39m src/app/users/components/password-reset-dialog/password-reset-dialog.spec.ts[2m > [22mPasswordResetDialog[2m > [22mshould initialize empty form for admin
[41m[1m FAIL [22m[49m [30m[43m frontend [49m[39m src/app/users/components/password-reset-dialog/password-reset-dialog.spec.ts[2m > [22mPasswordResetDialog[2m > [22mshould call adminResetPassword on submit
[41m[1m FAIL [22m[49m [30m[43m frontend [49m[39m src/app/users/components/password-reset-dialog/password-reset-dialog.spec.ts[2m > [22mPasswordResetDialog[2m > [22mshould close dialog on cancel
[31m[1mɵNotFound[22m: NG0201: No provider found for `InjectionToken TRANSLOCO_TRANSPILER`. Source: Standalone[_PasswordResetDialog]. Path: TranslocoService -> InjectionToken TRANSLOCO_TRANSPILER. Find more at https://v21.angular.dev/errors/NG0201[39m
[90m [2m❯[22m createRuntimeError node_modules/@angular/core/fesm2022/_untracked-chunk.mjs:[2m555:17[22m[39m
[90m [2m❯[22m NullInjector.get node_modules/@angular/core/fesm2022/_untracked-chunk.mjs:[2m836:21[22m[39m
[90m [2m❯[22m R3Injector.get node_modules/@angular/core/fesm2022/_untracked-chunk.mjs:[2m1192:27[22m[39m
[90m [2m❯[22m R3Injector.get node_modules/@angular/core/fesm2022/_untracked-chunk.mjs:[2m1192:27[22m[39m
[90m [2m❯[22m R3Injector.retrieve node_modules/@angular/core/fesm2022/_untracked-chunk.mjs:[2m1102:19[22m[39m
[90m [2m❯[22m injectInjectorOnly node_modules/@angular/core/fesm2022/_untracked-chunk.mjs:[2m625:35[22m[39m
[90m [2m❯[22m ɵɵinject node_modules/@angular/core/fesm2022/_untracked-chunk.mjs:[2m637:59[22m[39m
[90m [2m❯[22m Object.TranslocoService_Factory [as factory] ng:/TranslocoService/ɵfac.js:[2m6:10[22m[39m
[90m [2m❯[22m node_modules/@angular/core/fesm2022/_untracked-chunk.mjs:[2m1297:35[22m[39m
[90m [2m❯[22m runInInjectorProfilerContext node_modules/@angular/core/fesm2022/_untracked-chunk.mjs:[2m437:5[22m[39m

[31m[2m⎯⎯⎯⎯⎯⎯⎯⎯⎯⎯⎯⎯⎯⎯⎯⎯⎯⎯⎯⎯⎯⎯⎯[9/43]⎯[22m[39m

[41m[1m FAIL [22m[49m [30m[43m frontend [49m[39m src/app/users/components/user-form/user-form.spec.ts[2m > [22mUserForm[2m > [22mCreate Mode[2m > [22mshould create
[41m[1m FAIL [22m[49m [30m[43m frontend [49m[39m src/app/users/components/user-form/user-form.spec.ts[2m > [22mUserForm[2m > [22mCreate Mode[2m > [22mshould initialize form with correct validators for new user
[41m[1m FAIL [22m[49m [30m[43m frontend [49m[39m src/app/users/components/user-form/user-form.spec.ts[2m > [22mUserForm[2m > [22mCreate Mode[2m > [22mshould validate password strength correctly
[41m[1m FAIL [22m[49m [30m[43m frontend [49m[39m src/app/users/components/user-form/user-form.spec.ts[2m > [22mUserForm[2m > [22mCreate Mode[2m > [22mshould return correct password strength class
[41m[1m FAIL [22m[49m [30m[43m frontend [49m[39m src/app/users/components/user-form/user-form.spec.ts[2m > [22mUserForm[2m > [22mCreate Mode[2m > [22mshould return correct password strength label
[41m[1m FAIL [22m[49m [30m[43m frontend [49m[39m src/app/users/components/user-form/user-form.spec.ts[2m > [22mUserForm[2m > [22mCreate Mode[2m > [22mshould submit form for new user
[41m[1m FAIL [22m[49m [30m[43m frontend [49m[39m src/app/users/components/user-form/user-form.spec.ts[2m > [22mUserForm[2m > [22mCreate Mode[2m > [22mshould handle form submission error
[41m[1m FAIL [22m[49m [30m[43m frontend [49m[39m src/app/users/components/user-form/user-form.spec.ts[2m > [22mUserForm[2m > [22mEdit Mode[2m > [22mshould load user data when in edit mode
[31m[1mɵNotFound[22m: NG0201: No provider found for `InjectionToken TRANSLOCO_TRANSPILER`. Source: Standalone[_UserForm]. Path: TranslocoService -> InjectionToken TRANSLOCO_TRANSPILER. Find more at https://v21.angular.dev/errors/NG0201[39m
[90m [2m❯[22m createRuntimeError node_modules/@angular/core/fesm2022/_untracked-chunk.mjs:[2m555:17[22m[39m
[90m [2m❯[22m NullInjector.get node_modules/@angular/core/fesm2022/_untracked-chunk.mjs:[2m836:21[22m[39m
[90m [2m❯[22m R3Injector.get node_modules/@angular/core/fesm2022/_untracked-chunk.mjs:[2m1192:27[22m[39m
[90m [2m❯[22m R3Injector.get node_modules/@angular/core/fesm2022/_untracked-chunk.mjs:[2m1192:27[22m[39m
[90m [2m❯[22m R3Injector.retrieve node_modules/@angular/core/fesm2022/_untracked-chunk.mjs:[2m1102:19[22m[39m
[90m [2m❯[22m injectInjectorOnly node_modules/@angular/core/fesm2022/_untracked-chunk.mjs:[2m625:35[22m[39m
[90m [2m❯[22m ɵɵinject node_modules/@angular/core/fesm2022/_untracked-chunk.mjs:[2m637:59[22m[39m
[90m [2m❯[22m Object.TranslocoService_Factory [as factory] ng:/TranslocoService/ɵfac.js:[2m6:10[22m[39m
[90m [2m❯[22m node_modules/@angular/core/fesm2022/_untracked-chunk.mjs:[2m1297:35[22m[39m
[90m [2m❯[22m runInInjectorProfilerContext node_modules/@angular/core/fesm2022/_untracked-chunk.mjs:[2m437:5[22m[39m

[31m[2m⎯⎯⎯⎯⎯⎯⎯⎯⎯⎯⎯⎯⎯⎯⎯⎯⎯⎯⎯⎯⎯⎯[10/43]⎯[22m[39m


[2m Test Files [22m [1m[31m10 failed[39m[22m[2m | [22m[1m[32m65 passed[39m[22m[2m | [22m[33m7 skipped[39m[90m (82)[39m
[2m      Tests [22m [1m[31m43 failed[39m[22m[2m | [22m[1m[32m257 passed[39m[22m[2m | [22m[33m27 skipped[39m[90m (333)[39m
[2m   Start at [22m 18:54:30
[2m   Duration [22m 9.25s[2m (transform 2.20s, setup 1.26s, import 5.53s, tests 9.47s, environment 31.11s)[22m

